This is pdfTeX, Version 3.141592653-2.6-1.40.29 (TeX Live 2026) (preloaded format=pdflatex 2026.5.14)  16 MAY 2026 21:56
entering extended mode
 restricted \write18 enabled.
 %&-line parsing enabled.
**rapport.tex
(./rapport.tex
LaTeX2e <2025-11-01>
L3 programming layer <2026-01-19>
(/usr/local/texlive/2026basic/texmf-dist/tex/latex/base/article.cls
Document Class: article 2025/01/22 v1.4n Standard LaTeX document class
(/usr/local/texlive/2026basic/texmf-dist/tex/latex/base/size11.clo
File: size11.clo 2025/01/22 v1.4n Standard LaTeX file (size option)
)
\c@part=\count275
\c@section=\count276
\c@subsection=\count277
\c@subsubsection=\count278
\c@paragraph=\count279
\c@subparagraph=\count280
\c@figure=\count281
\c@table=\count282
\abovecaptionskip=\skip49
\belowcaptionskip=\skip50
\bibindent=\dimen148
)
(/usr/local/texlive/2026basic/texmf-dist/tex/latex/base/inputenc.sty
Package: inputenc 2024/02/08 v1.3d Input encoding file
\inpenc@prehook=\toks17
\inpenc@posthook=\toks18
)
(/usr/local/texlive/2026basic/texmf-dist/tex/latex/base/fontenc.sty
Package: fontenc 2025/07/18 v2.1d Standard LaTeX package
)
(/usr/local/texlive/2026basic/texmf-dist/tex/latex/lm/lmodern.sty
Package: lmodern 2015/05/01 v1.6.1 Latin Modern Fonts
LaTeX Font Info:    Overwriting symbol font `operators' in version `normal'
(Font)                  OT1/cmr/m/n --> OT1/lmr/m/n on input line 22.
LaTeX Font Info:    Overwriting symbol font `letters' in version `normal'
(Font)                  OML/cmm/m/it --> OML/lmm/m/it on input line 23.
LaTeX Font Info:    Overwriting symbol font `symbols' in version `normal'
(Font)                  OMS/cmsy/m/n --> OMS/lmsy/m/n on input line 24.
LaTeX Font Info:    Overwriting symbol font `largesymbols' in version `normal'
(Font)                  OMX/cmex/m/n --> OMX/lmex/m/n on input line 25.
LaTeX Font Info:    Overwriting symbol font `operators' in version `bold'
(Font)                  OT1/cmr/bx/n --> OT1/lmr/bx/n on input line 26.
LaTeX Font Info:    Overwriting symbol font `letters' in version `bold'
(Font)                  OML/cmm/b/it --> OML/lmm/b/it on input line 27.
LaTeX Font Info:    Overwriting symbol font `symbols' in version `bold'
(Font)                  OMS/cmsy/b/n --> OMS/lmsy/b/n on input line 28.
LaTeX Font Info:    Overwriting symbol font `largesymbols' in version `bold'
(Font)                  OMX/cmex/m/n --> OMX/lmex/m/n on input line 29.
LaTeX Font Info:    Overwriting math alphabet `\mathbf' in version `normal'
(Font)                  OT1/cmr/bx/n --> OT1/lmr/bx/n on input line 31.
LaTeX Font Info:    Overwriting math alphabet `\mathsf' in version `normal'
(Font)                  OT1/cmss/m/n --> OT1/lmss/m/n on input line 32.
LaTeX Font Info:    Overwriting math alphabet `\mathit' in version `normal'
(Font)                  OT1/cmr/m/it --> OT1/lmr/m/it on input line 33.
LaTeX Font Info:    Overwriting math alphabet `\mathtt' in version `normal'
(Font)                  OT1/cmtt/m/n --> OT1/lmtt/m/n on input line 34.
LaTeX Font Info:    Overwriting math alphabet `\mathbf' in version `bold'
(Font)                  OT1/cmr/bx/n --> OT1/lmr/bx/n on input line 35.
LaTeX Font Info:    Overwriting math alphabet `\mathsf' in version `bold'
(Font)                  OT1/cmss/bx/n --> OT1/lmss/bx/n on input line 36.
LaTeX Font Info:    Overwriting math alphabet `\mathit' in version `bold'
(Font)                  OT1/cmr/bx/it --> OT1/lmr/bx/it on input line 37.
LaTeX Font Info:    Overwriting math alphabet `\mathtt' in version `bold'
(Font)                  OT1/cmtt/m/n --> OT1/lmtt/m/n on input line 38.
)
(/usr/local/texlive/2026basic/texmf-dist/tex/latex/microtype/microtype.sty
Package: microtype 2026/03/01 v3.2d Micro-typographical refinements (RS)

(/usr/local/texlive/2026basic/texmf-dist/tex/latex/graphics/keyval.sty
Package: keyval 2022/05/29 v1.15 key=value parser (DPC)
\KV@toks@=\toks19
)
(/usr/local/texlive/2026basic/texmf-dist/tex/latex/etoolbox/etoolbox.sty
Package: etoolbox 2025/10/02 v2.5m e-TeX tools for LaTeX (JAW)
\etb@tempcnta=\count283
)
\MT@toks=\toks20
\MT@tempbox=\box53
\MT@count=\count284
LaTeX Info: Redefining \noprotrusionifhmode on input line 1084.
LaTeX Info: Redefining \leftprotrusion on input line 1085.
\MT@prot@toks=\toks21
LaTeX Info: Redefining \rightprotrusion on input line 1104.
LaTeX Info: Redefining \textls on input line 1449.
\MT@outer@kern=\dimen149
LaTeX Info: Redefining \microtypecontext on input line 2053.
LaTeX Info: Redefining \textmicrotypecontext on input line 2070.
\MT@listname@count=\count285

(/usr/local/texlive/2026basic/texmf-dist/tex/latex/microtype/microtype-pdftex.d
ef
File: microtype-pdftex.def 2026/03/01 v3.2d Definitions specific to pdftex (RS)

LaTeX Info: Redefining \lsstyle on input line 944.
LaTeX Info: Redefining \lslig on input line 944.
\MT@outer@space=\skip51
)
Package microtype Info: Loading configuration file microtype.cfg.
 (/usr/local/texlive/2026basic/texmf-dist/tex/latex/microtype/microtype.cfg
File: microtype.cfg 2026/03/01 v3.2d microtype main configuration file (RS)
)
LaTeX Info: Redefining \microtypesetup on input line 3065.
) (/usr/local/texlive/2026basic/texmf-dist/tex/latex/xcolor/xcolor.sty
Package: xcolor 2024/09/29 v3.02 LaTeX color extensions (UK)

(/usr/local/texlive/2026basic/texmf-dist/tex/latex/graphics-cfg/color.cfg
File: color.cfg 2016/01/02 v1.6 sample color configuration
)
Package xcolor Info: Driver file: pdftex.def on input line 274.

(/usr/local/texlive/2026basic/texmf-dist/tex/latex/graphics-def/pdftex.def
File: pdftex.def 2025/09/29 v1.2d Graphics/color driver for pdftex
)
(/usr/local/texlive/2026basic/texmf-dist/tex/latex/graphics/mathcolor.ltx)
Package xcolor Info: Model `cmy' substituted by `cmy0' on input line 1349.
Package xcolor Info: Model `hsb' substituted by `rgb' on input line 1353.
Package xcolor Info: Model `RGB' extended on input line 1365.
Package xcolor Info: Model `HTML' substituted by `rgb' on input line 1367.
Package xcolor Info: Model `Hsb' substituted by `hsb' on input line 1368.
Package xcolor Info: Model `tHsb' substituted by `hsb' on input line 1369.
Package xcolor Info: Model `HSB' substituted by `hsb' on input line 1370.
Package xcolor Info: Model `Gray' substituted by `gray' on input line 1371.
Package xcolor Info: Model `wave' substituted by `hsb' on input line 1372.
)
(/usr/local/texlive/2026basic/texmf-dist/tex/latex/geometry/geometry.sty
Package: geometry 2020/01/02 v5.9 Page Geometry

(/usr/local/texlive/2026basic/texmf-dist/tex/generic/iftex/ifvtex.sty
Package: ifvtex 2019/10/25 v1.7 ifvtex legacy package. Use iftex instead.

(/usr/local/texlive/2026basic/texmf-dist/tex/generic/iftex/iftex.sty
Package: iftex 2024/12/12 v1.0g TeX engine tests
))
\Gm@cnth=\count286
\Gm@cntv=\count287
\c@Gm@tempcnt=\count288
\Gm@bindingoffset=\dimen150
\Gm@wd@mp=\dimen151
\Gm@odd@mp=\dimen152
\Gm@even@mp=\dimen153
\Gm@layoutwidth=\dimen154
\Gm@layoutheight=\dimen155
\Gm@layouthoffset=\dimen156
\Gm@layoutvoffset=\dimen157
\Gm@dimlist=\toks22
)
(/usr/local/texlive/2026basic/texmf-dist/tex/latex/graphics/graphicx.sty
Package: graphicx 2024/12/31 v1.2e Enhanced LaTeX Graphics (DPC,SPQR)

(/usr/local/texlive/2026basic/texmf-dist/tex/latex/graphics/graphics.sty
Package: graphics 2024/08/06 v1.4g Standard LaTeX Graphics (DPC,SPQR)

(/usr/local/texlive/2026basic/texmf-dist/tex/latex/graphics/trig.sty
Package: trig 2023/12/02 v1.11 sin cos tan (DPC)
)
(/usr/local/texlive/2026basic/texmf-dist/tex/latex/graphics-cfg/graphics.cfg
File: graphics.cfg 2016/06/04 v1.11 sample graphics configuration
)
Package graphics Info: Driver file: pdftex.def on input line 106.
)
\Gin@req@height=\dimen158
\Gin@req@width=\dimen159
) (/usr/local/texlive/2026basic/texmf-dist/tex/latex/setspace/setspace.sty
Package: setspace 2022/12/04 v6.7b set line spacing
)
(/usr/local/texlive/2026basic/texmf-dist/tex/latex/fancyhdr/fancyhdr.sty
Package: fancyhdr 2025/02/07 v5.2 Extensive control of page headers and footers

\f@nch@headwidth=\skip52
\f@nch@offset@elh=\skip53
\f@nch@offset@erh=\skip54
\f@nch@offset@olh=\skip55
\f@nch@offset@orh=\skip56
\f@nch@offset@elf=\skip57
\f@nch@offset@erf=\skip58
\f@nch@offset@olf=\skip59
\f@nch@offset@orf=\skip60
\f@nch@height=\skip61
\f@nch@footalignment=\skip62
\f@nch@widthL=\skip63
\f@nch@widthC=\skip64
\f@nch@widthR=\skip65
\@temptokenb=\toks23
)
(/usr/local/texlive/2026basic/texmf-dist/tex/latex/caption/caption.sty
Package: caption 2023/08/05 v3.6o Customizing captions (AR)

(/usr/local/texlive/2026basic/texmf-dist/tex/latex/caption/caption3.sty
Package: caption3 2023/07/31 v2.4d caption3 kernel (AR)
\caption@tempdima=\dimen160
\captionmargin=\dimen161
\caption@leftmargin=\dimen162
\caption@rightmargin=\dimen163
\caption@width=\dimen164
\caption@indent=\dimen165
\caption@parindent=\dimen166
\caption@hangindent=\dimen167
Package caption Info: Standard document class detected.
)
\c@caption@flags=\count289
\c@continuedfloat=\count290
)
(/usr/local/texlive/2026basic/texmf-dist/tex/latex/booktabs/booktabs.sty
Package: booktabs 2020/01/12 v1.61803398 Publication quality tables
\heavyrulewidth=\dimen168
\lightrulewidth=\dimen169
\cmidrulewidth=\dimen170
\belowrulesep=\dimen171
\belowbottomsep=\dimen172
\aboverulesep=\dimen173
\abovetopsep=\dimen174
\cmidrulesep=\dimen175
\cmidrulekern=\dimen176
\defaultaddspace=\dimen177
\@cmidla=\count291
\@cmidlb=\count292
\@aboverulesep=\dimen178
\@belowrulesep=\dimen179
\@thisruleclass=\count293
\@lastruleclass=\count294
\@thisrulewidth=\dimen180
)
(/usr/local/texlive/2026basic/texmf-dist/tex/latex/amsmath/amsmath.sty
Package: amsmath 2025/07/09 v2.17z AMS math features
\@mathmargin=\skip66

For additional information on amsmath, use the `?' option.
(/usr/local/texlive/2026basic/texmf-dist/tex/latex/amsmath/amstext.sty
Package: amstext 2024/11/17 v2.01 AMS text

(/usr/local/texlive/2026basic/texmf-dist/tex/latex/amsmath/amsgen.sty
File: amsgen.sty 1999/11/30 v2.0 generic functions
\@emptytoks=\toks24
\ex@=\dimen181
))
(/usr/local/texlive/2026basic/texmf-dist/tex/latex/amsmath/amsbsy.sty
Package: amsbsy 1999/11/29 v1.2d Bold Symbols
\pmbraise@=\dimen182
)
(/usr/local/texlive/2026basic/texmf-dist/tex/latex/amsmath/amsopn.sty
Package: amsopn 2022/04/08 v2.04 operator names
)
\inf@bad=\count295
LaTeX Info: Redefining \frac on input line 233.
\uproot@=\count296
\leftroot@=\count297
LaTeX Info: Redefining \overline on input line 398.
LaTeX Info: Redefining \colon on input line 409.
\classnum@=\count298
\DOTSCASE@=\count299
LaTeX Info: Redefining \ldots on input line 495.
LaTeX Info: Redefining \dots on input line 498.
LaTeX Info: Redefining \cdots on input line 619.
\Mathstrutbox@=\box54
\strutbox@=\box55
LaTeX Info: Redefining \big on input line 721.
LaTeX Info: Redefining \Big on input line 722.
LaTeX Info: Redefining \bigg on input line 723.
LaTeX Info: Redefining \Bigg on input line 724.
\big@size=\dimen183
LaTeX Font Info:    Redeclaring font encoding OML on input line 742.
LaTeX Font Info:    Redeclaring font encoding OMS on input line 743.
\macc@depth=\count300
LaTeX Info: Redefining \bmod on input line 904.
LaTeX Info: Redefining \pmod on input line 909.
LaTeX Info: Redefining \smash on input line 939.
LaTeX Info: Redefining \relbar on input line 969.
LaTeX Info: Redefining \Relbar on input line 970.
\c@MaxMatrixCols=\count301
\dotsspace@=\muskip17
\c@parentequation=\count302
\dspbrk@lvl=\count303
\tag@help=\toks25
\row@=\count304
\column@=\count305
\maxfields@=\count306
\andhelp@=\toks26
\eqnshift@=\dimen184
\alignsep@=\dimen185
\tagshift@=\dimen186
\tagwidth@=\dimen187
\totwidth@=\dimen188
\lineht@=\dimen189
\@envbody=\toks27
\multlinegap=\skip67
\multlinetaggap=\skip68
\mathdisplay@stack=\toks28
LaTeX Info: Redefining \[ on input line 2950.
LaTeX Info: Redefining \] on input line 2951.
)
(/usr/local/texlive/2026basic/texmf-dist/tex/latex/amsfonts/amssymb.sty
Package: amssymb 2013/01/14 v3.01 AMS font symbols

(/usr/local/texlive/2026basic/texmf-dist/tex/latex/amsfonts/amsfonts.sty
Package: amsfonts 2013/01/14 v3.01 Basic AMSFonts support
\symAMSa=\mathgroup4
\symAMSb=\mathgroup5
LaTeX Font Info:    Redeclaring math symbol \hbar on input line 98.
LaTeX Font Info:    Overwriting math alphabet `\mathfrak' in version `bold'
(Font)                  U/euf/m/n --> U/euf/b/n on input line 106.
))
(/usr/local/texlive/2026basic/texmf-dist/tex/latex/pgf/frontendlayer/tikz.sty
(/usr/local/texlive/2026basic/texmf-dist/tex/latex/pgf/basiclayer/pgf.sty
(/usr/local/texlive/2026basic/texmf-dist/tex/latex/pgf/utilities/pgfrcs.sty
(/usr/local/texlive/2026basic/texmf-dist/tex/generic/pgf/utilities/pgfutil-comm
on.tex
\pgfutil@everybye=\toks29
\pgfutil@tempdima=\dimen190
\pgfutil@tempdimb=\dimen191
)
(/usr/local/texlive/2026basic/texmf-dist/tex/generic/pgf/utilities/pgfutil-late
x.def
\pgfutil@abb=\box56
)
(/usr/local/texlive/2026basic/texmf-dist/tex/generic/pgf/utilities/pgfrcs.code.
tex (/usr/local/texlive/2026basic/texmf-dist/tex/generic/pgf/pgf.revision.tex)
Package: pgfrcs 2025-08-29 v3.1.11a (3.1.11a)
))
Package: pgf 2025-08-29 v3.1.11a (3.1.11a)
 (/usr/local/texlive/2026basic/texmf-dist/tex/latex/pgf/basiclayer/pgfcore.sty 
(/usr/local/texlive/2026basic/texmf-dist/tex/latex/pgf/systemlayer/pgfsys.sty
(/usr/local/texlive/2026basic/texmf-dist/tex/generic/pgf/systemlayer/pgfsys.cod
e.tex
Package: pgfsys 2025-08-29 v3.1.11a (3.1.11a)

(/usr/local/texlive/2026basic/texmf-dist/tex/generic/pgf/utilities/pgfkeys.code
.tex
\pgfkeys@pathtoks=\toks30
\pgfkeys@temptoks=\toks31

(/usr/local/texlive/2026basic/texmf-dist/tex/generic/pgf/utilities/pgfkeyslibra
ryfiltered.code.tex
\pgfkeys@tmptoks=\toks32
))
\pgf@x=\dimen192
\pgf@y=\dimen193
\pgf@xa=\dimen194
\pgf@ya=\dimen195
\pgf@xb=\dimen196
\pgf@yb=\dimen197
\pgf@xc=\dimen198
\pgf@yc=\dimen199
\pgf@xd=\dimen256
\pgf@yd=\dimen257
\w@pgf@writea=\write3
\r@pgf@reada=\read2
\c@pgf@counta=\count307
\c@pgf@countb=\count308
\c@pgf@countc=\count309
\c@pgf@countd=\count310
\t@pgf@toka=\toks33
\t@pgf@tokb=\toks34
\t@pgf@tokc=\toks35
\pgf@sys@id@count=\count311

(/usr/local/texlive/2026basic/texmf-dist/tex/generic/pgf/systemlayer/pgf.cfg
File: pgf.cfg 2025-08-29 v3.1.11a (3.1.11a)
)
Driver file for pgf: pgfsys-pdftex.def

(/usr/local/texlive/2026basic/texmf-dist/tex/generic/pgf/systemlayer/pgfsys-pdf
tex.def
File: pgfsys-pdftex.def 2025-08-29 v3.1.11a (3.1.11a)

(/usr/local/texlive/2026basic/texmf-dist/tex/generic/pgf/systemlayer/pgfsys-com
mon-pdf.def
File: pgfsys-common-pdf.def 2025-08-29 v3.1.11a (3.1.11a)
)))
(/usr/local/texlive/2026basic/texmf-dist/tex/generic/pgf/systemlayer/pgfsyssoft
path.code.tex
File: pgfsyssoftpath.code.tex 2025-08-29 v3.1.11a (3.1.11a)
\pgfsyssoftpath@smallbuffer@items=\count312
\pgfsyssoftpath@bigbuffer@items=\count313
)
(/usr/local/texlive/2026basic/texmf-dist/tex/generic/pgf/systemlayer/pgfsysprot
ocol.code.tex
File: pgfsysprotocol.code.tex 2025-08-29 v3.1.11a (3.1.11a)
))
(/usr/local/texlive/2026basic/texmf-dist/tex/generic/pgf/basiclayer/pgfcore.cod
e.tex
Package: pgfcore 2025-08-29 v3.1.11a (3.1.11a)

(/usr/local/texlive/2026basic/texmf-dist/tex/generic/pgf/math/pgfmath.code.tex
(/usr/local/texlive/2026basic/texmf-dist/tex/generic/pgf/math/pgfmathutil.code.
tex)
(/usr/local/texlive/2026basic/texmf-dist/tex/generic/pgf/math/pgfmathparser.cod
e.tex
\pgfmath@dimen=\dimen258
\pgfmath@count=\count314
\pgfmath@box=\box57
\pgfmath@toks=\toks36
\pgfmath@stack@operand=\toks37
\pgfmath@stack@operation=\toks38
)
(/usr/local/texlive/2026basic/texmf-dist/tex/generic/pgf/math/pgfmathfunctions.
code.tex)
(/usr/local/texlive/2026basic/texmf-dist/tex/generic/pgf/math/pgfmathfunctions.
basic.code.tex)
(/usr/local/texlive/2026basic/texmf-dist/tex/generic/pgf/math/pgfmathfunctions.
trigonometric.code.tex)
(/usr/local/texlive/2026basic/texmf-dist/tex/generic/pgf/math/pgfmathfunctions.
random.code.tex)
(/usr/local/texlive/2026basic/texmf-dist/tex/generic/pgf/math/pgfmathfunctions.
comparison.code.tex)
(/usr/local/texlive/2026basic/texmf-dist/tex/generic/pgf/math/pgfmathfunctions.
base.code.tex)
(/usr/local/texlive/2026basic/texmf-dist/tex/generic/pgf/math/pgfmathfunctions.
round.code.tex)
(/usr/local/texlive/2026basic/texmf-dist/tex/generic/pgf/math/pgfmathfunctions.
misc.code.tex)
(/usr/local/texlive/2026basic/texmf-dist/tex/generic/pgf/math/pgfmathfunctions.
integerarithmetics.code.tex)
(/usr/local/texlive/2026basic/texmf-dist/tex/generic/pgf/math/pgfmathcalc.code.
tex)
(/usr/local/texlive/2026basic/texmf-dist/tex/generic/pgf/math/pgfmathfloat.code
.tex
\c@pgfmathroundto@lastzeros=\count315
))
(/usr/local/texlive/2026basic/texmf-dist/tex/generic/pgf/math/pgfint.code.tex)
(/usr/local/texlive/2026basic/texmf-dist/tex/generic/pgf/basiclayer/pgfcorepoin
ts.code.tex
File: pgfcorepoints.code.tex 2025-08-29 v3.1.11a (3.1.11a)
\pgf@picminx=\dimen259
\pgf@picmaxx=\dimen260
\pgf@picminy=\dimen261
\pgf@picmaxy=\dimen262
\pgf@pathminx=\dimen263
\pgf@pathmaxx=\dimen264
\pgf@pathminy=\dimen265
\pgf@pathmaxy=\dimen266
\pgf@xx=\dimen267
\pgf@xy=\dimen268
\pgf@yx=\dimen269
\pgf@yy=\dimen270
\pgf@zx=\dimen271
\pgf@zy=\dimen272
)
(/usr/local/texlive/2026basic/texmf-dist/tex/generic/pgf/basiclayer/pgfcorepath
construct.code.tex
File: pgfcorepathconstruct.code.tex 2025-08-29 v3.1.11a (3.1.11a)
\pgf@path@lastx=\dimen273
\pgf@path@lasty=\dimen274
)
(/usr/local/texlive/2026basic/texmf-dist/tex/generic/pgf/basiclayer/pgfcorepath
usage.code.tex
File: pgfcorepathusage.code.tex 2025-08-29 v3.1.11a (3.1.11a)
\pgf@shorten@end@additional=\dimen275
\pgf@shorten@start@additional=\dimen276
)
(/usr/local/texlive/2026basic/texmf-dist/tex/generic/pgf/basiclayer/pgfcorescop
es.code.tex
File: pgfcorescopes.code.tex 2025-08-29 v3.1.11a (3.1.11a)
\pgfpic=\box58
\pgf@hbox=\box59
\pgf@layerbox@main=\box60
\pgf@picture@serial@count=\count316
)
(/usr/local/texlive/2026basic/texmf-dist/tex/generic/pgf/basiclayer/pgfcoregrap
hicstate.code.tex
File: pgfcoregraphicstate.code.tex 2025-08-29 v3.1.11a (3.1.11a)
\pgflinewidth=\dimen277
)
(/usr/local/texlive/2026basic/texmf-dist/tex/generic/pgf/basiclayer/pgfcoretran
sformations.code.tex
File: pgfcoretransformations.code.tex 2025-08-29 v3.1.11a (3.1.11a)
\pgf@pt@x=\dimen278
\pgf@pt@y=\dimen279
\pgf@pt@temp=\dimen280
)
(/usr/local/texlive/2026basic/texmf-dist/tex/generic/pgf/basiclayer/pgfcorequic
k.code.tex
File: pgfcorequick.code.tex 2025-08-29 v3.1.11a (3.1.11a)
)
(/usr/local/texlive/2026basic/texmf-dist/tex/generic/pgf/basiclayer/pgfcoreobje
cts.code.tex
File: pgfcoreobjects.code.tex 2025-08-29 v3.1.11a (3.1.11a)
)
(/usr/local/texlive/2026basic/texmf-dist/tex/generic/pgf/basiclayer/pgfcorepath
processing.code.tex
File: pgfcorepathprocessing.code.tex 2025-08-29 v3.1.11a (3.1.11a)
)
(/usr/local/texlive/2026basic/texmf-dist/tex/generic/pgf/basiclayer/pgfcorearro
ws.code.tex
File: pgfcorearrows.code.tex 2025-08-29 v3.1.11a (3.1.11a)
\pgfarrowsep=\dimen281
)
(/usr/local/texlive/2026basic/texmf-dist/tex/generic/pgf/basiclayer/pgfcoreshad
e.code.tex
File: pgfcoreshade.code.tex 2025-08-29 v3.1.11a (3.1.11a)
\pgf@max=\dimen282
\pgf@sys@shading@range@num=\count317
\pgf@shadingcount=\count318
)
(/usr/local/texlive/2026basic/texmf-dist/tex/generic/pgf/basiclayer/pgfcoreimag
e.code.tex
File: pgfcoreimage.code.tex 2025-08-29 v3.1.11a (3.1.11a)
)
(/usr/local/texlive/2026basic/texmf-dist/tex/generic/pgf/basiclayer/pgfcoreexte
rnal.code.tex
File: pgfcoreexternal.code.tex 2025-08-29 v3.1.11a (3.1.11a)
\pgfexternal@startupbox=\box61
)
(/usr/local/texlive/2026basic/texmf-dist/tex/generic/pgf/basiclayer/pgfcorelaye
rs.code.tex
File: pgfcorelayers.code.tex 2025-08-29 v3.1.11a (3.1.11a)
)
(/usr/local/texlive/2026basic/texmf-dist/tex/generic/pgf/basiclayer/pgfcoretran
sparency.code.tex
File: pgfcoretransparency.code.tex 2025-08-29 v3.1.11a (3.1.11a)
)
(/usr/local/texlive/2026basic/texmf-dist/tex/generic/pgf/basiclayer/pgfcorepatt
erns.code.tex
File: pgfcorepatterns.code.tex 2025-08-29 v3.1.11a (3.1.11a)
)
(/usr/local/texlive/2026basic/texmf-dist/tex/generic/pgf/basiclayer/pgfcorerdf.
code.tex
File: pgfcorerdf.code.tex 2025-08-29 v3.1.11a (3.1.11a)
)))
(/usr/local/texlive/2026basic/texmf-dist/tex/generic/pgf/modules/pgfmoduleshape
s.code.tex
File: pgfmoduleshapes.code.tex 2025-08-29 v3.1.11a (3.1.11a)
\pgfnodeparttextbox=\box62
)
(/usr/local/texlive/2026basic/texmf-dist/tex/generic/pgf/modules/pgfmoduleplot.
code.tex
File: pgfmoduleplot.code.tex 2025-08-29 v3.1.11a (3.1.11a)
)
(/usr/local/texlive/2026basic/texmf-dist/tex/latex/pgf/compatibility/pgfcomp-ve
rsion-0-65.sty
Package: pgfcomp-version-0-65 2025-08-29 v3.1.11a (3.1.11a)
\pgf@nodesepstart=\dimen283
\pgf@nodesepend=\dimen284
)
(/usr/local/texlive/2026basic/texmf-dist/tex/latex/pgf/compatibility/pgfcomp-ve
rsion-1-18.sty
Package: pgfcomp-version-1-18 2025-08-29 v3.1.11a (3.1.11a)
))
(/usr/local/texlive/2026basic/texmf-dist/tex/latex/pgf/utilities/pgffor.sty
(/usr/local/texlive/2026basic/texmf-dist/tex/latex/pgf/utilities/pgfkeys.sty
(/usr/local/texlive/2026basic/texmf-dist/tex/generic/pgf/utilities/pgfkeys.code
.tex)) (/usr/local/texlive/2026basic/texmf-dist/tex/latex/pgf/math/pgfmath.sty
(/usr/local/texlive/2026basic/texmf-dist/tex/generic/pgf/math/pgfmath.code.tex)
)
(/usr/local/texlive/2026basic/texmf-dist/tex/generic/pgf/utilities/pgffor.code.
tex
Package: pgffor 2025-08-29 v3.1.11a (3.1.11a)
\pgffor@iter=\dimen285
\pgffor@skip=\dimen286
\pgffor@stack=\toks39
\pgffor@toks=\toks40
))
(/usr/local/texlive/2026basic/texmf-dist/tex/generic/pgf/frontendlayer/tikz/tik
z.code.tex
Package: tikz 2025-08-29 v3.1.11a (3.1.11a)

(/usr/local/texlive/2026basic/texmf-dist/tex/generic/pgf/libraries/pgflibrarypl
othandlers.code.tex
File: pgflibraryplothandlers.code.tex 2025-08-29 v3.1.11a (3.1.11a)
\pgf@plot@mark@count=\count319
\pgfplotmarksize=\dimen287
)
\tikz@lastx=\dimen288
\tikz@lasty=\dimen289
\tikz@lastxsaved=\dimen290
\tikz@lastysaved=\dimen291
\tikz@lastmovetox=\dimen292
\tikz@lastmovetoy=\dimen293
\tikzleveldistance=\dimen294
\tikzsiblingdistance=\dimen295
\tikz@figbox=\box63
\tikz@figbox@bg=\box64
\tikz@tempbox=\box65
\tikz@tempbox@bg=\box66
\tikztreelevel=\count320
\tikznumberofchildren=\count321
\tikznumberofcurrentchild=\count322
\tikz@fig@count=\count323

(/usr/local/texlive/2026basic/texmf-dist/tex/generic/pgf/modules/pgfmodulematri
x.code.tex
File: pgfmodulematrix.code.tex 2025-08-29 v3.1.11a (3.1.11a)
\pgfmatrixcurrentrow=\count324
\pgfmatrixcurrentcolumn=\count325
\pgf@matrix@numberofcolumns=\count326
)
\tikz@expandcount=\count327

(/usr/local/texlive/2026basic/texmf-dist/tex/generic/pgf/frontendlayer/tikz/lib
raries/tikzlibrarytopaths.code.tex
File: tikzlibrarytopaths.code.tex 2025-08-29 v3.1.11a (3.1.11a)
)))
(/usr/local/texlive/2026basic/texmf-dist/tex/generic/pgf/libraries/pgflibraryar
rows.meta.code.tex
File: pgflibraryarrows.meta.code.tex 2025-08-29 v3.1.11a (3.1.11a)
\pgfarrowinset=\dimen296
\pgfarrowlength=\dimen297
\pgfarrowwidth=\dimen298
\pgfarrowlinewidth=\dimen299
)
(/usr/local/texlive/2026basic/texmf-dist/tex/generic/pgf/frontendlayer/tikz/lib
raries/tikzlibrarypositioning.code.tex
File: tikzlibrarypositioning.code.tex 2025-08-29 v3.1.11a (3.1.11a)
)
(/usr/local/texlive/2026basic/texmf-dist/tex/generic/pgf/frontendlayer/tikz/lib
raries/tikzlibrarycalc.code.tex
File: tikzlibrarycalc.code.tex 2025-08-29 v3.1.11a (3.1.11a)
)
(/usr/local/texlive/2026basic/texmf-dist/tex/generic/pgf/frontendlayer/tikz/lib
raries/tikzlibraryshapes.geometric.code.tex
File: tikzlibraryshapes.geometric.code.tex 2025-08-29 v3.1.11a (3.1.11a)

(/usr/local/texlive/2026basic/texmf-dist/tex/generic/pgf/libraries/shapes/pgfli
braryshapes.geometric.code.tex
File: pgflibraryshapes.geometric.code.tex 2025-08-29 v3.1.11a (3.1.11a)
))
(/usr/local/texlive/2026basic/texmf-dist/tex/latex/tools/longtable.sty
Package: longtable 2025-10-13 v4.24 Multi-page Table package (DPC)
\LTleft=\skip69
\LTright=\skip70
\LTpre=\skip71
\LTpost=\skip72
\LTchunksize=\count328
\LTcapwidth=\dimen300
\LT@head=\box67
\LT@firsthead=\box68
\LT@foot=\box69
\LT@lastfoot=\box70
\LT@gbox=\box71
\LT@cols=\count329
\LT@rows=\count330
\c@LT@tables=\count331
\c@LT@chunks=\count332
\LT@p@ftn=\toks41
)
(/usr/local/texlive/2026basic/texmf-dist/tex/latex/url/url.sty
\Urlmuskip=\muskip18
Package: url 2013/09/16  ver 3.4  Verb mode for urls, etc.
)
(/usr/local/texlive/2026basic/texmf-dist/tex/latex/hyperref/hyperref.sty
Package: hyperref 2026-01-29 v7.01p Hypertext links for LaTeX

(/usr/local/texlive/2026basic/texmf-dist/tex/latex/kvsetkeys/kvsetkeys.sty
Package: kvsetkeys 2022-10-05 v1.19 Key value parser (HO)
)
(/usr/local/texlive/2026basic/texmf-dist/tex/generic/kvdefinekeys/kvdefinekeys.
sty
Package: kvdefinekeys 2019-12-19 v1.6 Define keys (HO)
)
(/usr/local/texlive/2026basic/texmf-dist/tex/generic/pdfescape/pdfescape.sty
Package: pdfescape 2019/12/09 v1.15 Implements pdfTeX's escape features (HO)

(/usr/local/texlive/2026basic/texmf-dist/tex/generic/ltxcmds/ltxcmds.sty
Package: ltxcmds 2023-12-04 v1.26 LaTeX kernel commands for general use (HO)
)
(/usr/local/texlive/2026basic/texmf-dist/tex/generic/pdftexcmds/pdftexcmds.sty
Package: pdftexcmds 2020-06-27 v0.33 Utility functions of pdfTeX for LuaTeX (HO
)

(/usr/local/texlive/2026basic/texmf-dist/tex/generic/infwarerr/infwarerr.sty
Package: infwarerr 2019/12/03 v1.5 Providing info/warning/error messages (HO)
)
Package pdftexcmds Info: \pdf@primitive is available.
Package pdftexcmds Info: \pdf@ifprimitive is available.
Package pdftexcmds Info: \pdfdraftmode found.
)) (/usr/local/texlive/2026basic/texmf-dist/tex/latex/hycolor/hycolor.sty
Package: hycolor 2020-01-27 v1.10 Color options for hyperref/bookmark (HO)
)
(/usr/local/texlive/2026basic/texmf-dist/tex/latex/hyperref/nameref.sty
Package: nameref 2026-01-29 v2.58 Cross-referencing by name of section

(/usr/local/texlive/2026basic/texmf-dist/tex/latex/refcount/refcount.sty
Package: refcount 2019/12/15 v3.6 Data extraction from label references (HO)
)
(/usr/local/texlive/2026basic/texmf-dist/tex/generic/gettitlestring/gettitlestr
ing.sty
Package: gettitlestring 2019/12/15 v1.6 Cleanup title references (HO)

(/usr/local/texlive/2026basic/texmf-dist/tex/latex/kvoptions/kvoptions.sty
Package: kvoptions 2022-06-15 v3.15 Key value format for package options (HO)
))
\c@section@level=\count333
)
(/usr/local/texlive/2026basic/texmf-dist/tex/generic/stringenc/stringenc.sty
Package: stringenc 2019/11/29 v1.12 Convert strings between diff. encodings (HO
)
)
\@linkdim=\dimen301
\Hy@linkcounter=\count334
\Hy@pagecounter=\count335

(/usr/local/texlive/2026basic/texmf-dist/tex/latex/hyperref/pd1enc.def
File: pd1enc.def 2026-01-29 v7.01p Hyperref: PDFDocEncoding definition (HO)
Now handling font encoding PD1 ...
... no UTF-8 mapping file for font encoding PD1
)
(/usr/local/texlive/2026basic/texmf-dist/tex/generic/intcalc/intcalc.sty
Package: intcalc 2019/12/15 v1.3 Expandable calculations with integers (HO)
)
\Hy@SavedSpaceFactor=\count336

(/usr/local/texlive/2026basic/texmf-dist/tex/latex/hyperref/puenc.def
File: puenc.def 2026-01-29 v7.01p Hyperref: PDF Unicode definition (HO)
Now handling font encoding PU ...
... no UTF-8 mapping file for font encoding PU
)
Package hyperref Info: Hyper figures OFF on input line 4201.
Package hyperref Info: Link nesting OFF on input line 4206.
Package hyperref Info: Hyper index ON on input line 4209.
Package hyperref Info: Plain pages OFF on input line 4216.
Package hyperref Info: Backreferencing OFF on input line 4221.
Package hyperref Info: Implicit mode ON; LaTeX internals redefined.
Package hyperref Info: Bookmarks ON on input line 4468.
\c@Hy@tempcnt=\count337
LaTeX Info: Redefining \url on input line 4807.
\XeTeXLinkMargin=\dimen302

(/usr/local/texlive/2026basic/texmf-dist/tex/generic/bitset/bitset.sty
Package: bitset 2019/12/09 v1.3 Handle bit-vector datatype (HO)

(/usr/local/texlive/2026basic/texmf-dist/tex/generic/bigintcalc/bigintcalc.sty
Package: bigintcalc 2019/12/15 v1.5 Expandable calculations on big integers (HO
)
))
\Fld@menulength=\count338
\Field@Width=\dimen303
\Fld@charsize=\dimen304
Package hyperref Info: Hyper figures OFF on input line 6084.
Package hyperref Info: Link nesting OFF on input line 6089.
Package hyperref Info: Hyper index ON on input line 6092.
Package hyperref Info: backreferencing OFF on input line 6099.
Package hyperref Info: Link coloring OFF on input line 6104.
Package hyperref Info: Link coloring with OCG OFF on input line 6109.
Package hyperref Info: PDF/A mode OFF on input line 6114.
\Hy@abspage=\count339
\c@Item=\count340
\c@Hfootnote=\count341
)
Package hyperref Info: Driver (autodetected): hpdftex.
 (/usr/local/texlive/2026basic/texmf-dist/tex/latex/hyperref/hpdftex.def
File: hpdftex.def 2026-01-29 v7.01p Hyperref driver for pdfTeX
\Fld@listcount=\count342
\c@bookmark@seq@number=\count343

(/usr/local/texlive/2026basic/texmf-dist/tex/latex/rerunfilecheck/rerunfilechec
k.sty
Package: rerunfilecheck 2025-06-21 v1.11 Rerun checks for auxiliary files (HO)

(/usr/local/texlive/2026basic/texmf-dist/tex/generic/uniquecounter/uniquecounte
r.sty
Package: uniquecounter 2019/12/15 v1.4 Provide unlimited unique counter (HO)
)
Package uniquecounter Info: New unique counter `rerunfilecheck' on input line 2
84.
)
\Hy@SectionHShift=\skip73
)
Package hyperref Info: Option `bookmarksopen' set `true' on input line 44.
LaTeX Font Info:    Trying to load font information for T1+lmr on input line 75
.
 (/usr/local/texlive/2026basic/texmf-dist/tex/latex/lm/t1lmr.fd
File: t1lmr.fd 2015/05/01 v1.6.1 Font defs for Latin Modern
)
(/usr/local/texlive/2026basic/texmf-dist/tex/latex/l3backend/l3backend-pdftex.d
ef
File: l3backend-pdftex.def 2025-10-09 L3 backend support: PDF output (pdfTeX)
\l__color_backend_stack_int=\count344
) (./rapport.aux)
\openout1 = `rapport.aux'.

LaTeX Font Info:    Checking defaults for OML/cmm/m/it on input line 75.
LaTeX Font Info:    ... okay on input line 75.
LaTeX Font Info:    Checking defaults for OMS/cmsy/m/n on input line 75.
LaTeX Font Info:    ... okay on input line 75.
LaTeX Font Info:    Checking defaults for OT1/cmr/m/n on input line 75.
LaTeX Font Info:    ... okay on input line 75.
LaTeX Font Info:    Checking defaults for T1/cmr/m/n on input line 75.
LaTeX Font Info:    ... okay on input line 75.
LaTeX Font Info:    Checking defaults for TS1/cmr/m/n on input line 75.
LaTeX Font Info:    ... okay on input line 75.
LaTeX Font Info:    Checking defaults for OMX/cmex/m/n on input line 75.
LaTeX Font Info:    ... okay on input line 75.
LaTeX Font Info:    Checking defaults for U/cmr/m/n on input line 75.
LaTeX Font Info:    ... okay on input line 75.
LaTeX Font Info:    Checking defaults for PD1/pdf/m/n on input line 75.
LaTeX Font Info:    ... okay on input line 75.
LaTeX Font Info:    Checking defaults for PU/pdf/m/n on input line 75.
LaTeX Font Info:    ... okay on input line 75.
LaTeX Info: Redefining \microtypecontext on input line 75.
Package microtype Info: Applying patch `item' on input line 75.
Package microtype Info: Applying patch `toc' on input line 75.
Package microtype Info: Applying patch `eqnum' on input line 75.
Package microtype Info: Applying patch `footnote' on input line 75.
Package microtype Info: Applying patch `verbatim' on input line 75.
LaTeX Info: Redefining \microtypesetup on input line 75.
Package microtype Info: Generating PDF output.
Package microtype Info: Character protrusion enabled (level 2).
Package microtype Info: Using default protrusion set `alltext'.
Package microtype Info: Automatic font expansion enabled (level 2),
(microtype)             stretch: 20, shrink: 20, step: 1, non-selected.
Package microtype Info: Using default expansion set `alltext-nott'.
Package microtype Info: Patching command `\showhyphens'.
Package microtype Info: No adjustment of tracking.
Package microtype Info: No adjustment of interword spacing.
Package microtype Info: No adjustment of character kerning.

(/usr/local/texlive/2026basic/texmf-dist/tex/latex/microtype/mt-cmr.cfg
File: mt-cmr.cfg 2013/05/19 v2.2 microtype config. file: Computer Modern Roman 
(RS)
)
(/usr/local/texlive/2026basic/texmf-dist/tex/context/base/mkii/supp-pdf.mkii
[Loading MPS to PDF converter (version 2006.09.02).]
\scratchcounter=\count345
\scratchdimen=\dimen305
\scratchbox=\box72
\nofMPsegments=\count346
\nofMParguments=\count347
\everyMPshowfont=\toks42
\MPscratchCnt=\count348
\MPscratchDim=\dimen306
\MPnumerator=\count349
\makeMPintoPDFobject=\count350
\everyMPtoPDFconversion=\toks43
)
(/usr/local/texlive/2026basic/texmf-dist/tex/latex/epstopdf-pkg/epstopdf-base.s
ty
Package: epstopdf-base 2020-01-24 v2.11 Base part for package epstopdf
Package epstopdf-base Info: Redefining graphics rule for `.eps' on input line 4
85.

(/usr/local/texlive/2026basic/texmf-dist/tex/latex/latexconfig/epstopdf-sys.cfg
File: epstopdf-sys.cfg 2010/07/13 v1.3 Configuration of (r)epstopdf for TeX Liv
e
))
*geometry* driver: auto-detecting
*geometry* detected driver: pdftex
*geometry* verbose mode - [ preamble ] result:
* driver: pdftex
* paper: a4paper
* layout: <same size as paper>
* layoutoffset:(h,v)=(0.0pt,0.0pt)
* modes: 
* h-part:(L,W,R)=(85.35826pt, 441.01773pt, 71.13188pt)
* v-part:(T,H,B)=(73.97733pt, 691.40172pt, 79.6678pt)
* \paperwidth=597.50787pt
* \paperheight=845.04684pt
* \textwidth=441.01773pt
* \textheight=691.40172pt
* \oddsidemargin=13.08827pt
* \evensidemargin=13.08827pt
* \topmargin=-35.29266pt
* \headheight=12.0pt
* \headsep=25.0pt
* \topskip=11.0pt
* \footskip=30.0pt
* \marginparwidth=50.0pt
* \marginparsep=10.0pt
* \columnsep=10.0pt
* \skip\footins=10.0pt plus 4.0pt minus 2.0pt
* \hoffset=0.0pt
* \voffset=0.0pt
* \mag=1000
* \@twocolumnfalse
* \@twosidefalse
* \@mparswitchfalse
* \@reversemarginfalse
* (1in=72.27pt=25.4mm, 1cm=28.453pt)

Package caption Info: Begin \AtBeginDocument code.
Package caption Info: hyperref package is loaded.
Package caption Info: longtable package is loaded.
(/usr/local/texlive/2026basic/texmf-dist/tex/latex/caption/ltcaption.sty
Package: ltcaption 2021/01/08 v1.4c longtable captions (AR)
)
Package caption Info: End \AtBeginDocument code.
Package hyperref Info: Link coloring OFF on input line 75.

(./rapport.out) (./rapport.out)
\@outlinefile=\write4
\openout4 = `rapport.out'.

<logo_quantum_bluff.png, id=690, 1027.84pt x 1027.84pt>
File: logo_quantum_bluff.png Graphic file (type png)
<use logo_quantum_bluff.png>
Package pdftex.def Info: logo_quantum_bluff.png  used on input line 88.
(pdftex.def)             Requested size: 85.3499pt x 85.35826pt.
<logo_unistra.png, id=691, 602.25pt x 602.25pt>
File: logo_unistra.png Graphic file (type png)
<use logo_unistra.png>
Package pdftex.def Info: logo_unistra.png  used on input line 90.
(pdftex.def)             Requested size: 85.35284pt x 85.35826pt.
Package microtype Info: Character `029' is missing
(microtype)             in font `T1/lmr/m/sc/14.4'.
(microtype)             Ignoring protrusion settings for this character.
LaTeX Font Info:    Trying to load font information for T1+lmtt on input line 1
06.

(/usr/local/texlive/2026basic/texmf-dist/tex/latex/lm/t1lmtt.fd
File: t1lmtt.fd 2015/05/01 v1.6.1 Font defs for Latin Modern
)
Package microtype Info: Loading generic protrusion settings for font family
(microtype)             `lmtt' (encoding: T1).
(microtype)             For optimal results, create family-specific settings.
(microtype)             See the microtype manual for details.
LaTeX Font Info:    Trying to load font information for OT1+lmr on input line 1
16.

(/usr/local/texlive/2026basic/texmf-dist/tex/latex/lm/ot1lmr.fd
File: ot1lmr.fd 2015/05/01 v1.6.1 Font defs for Latin Modern
)
LaTeX Font Info:    Trying to load font information for OML+lmm on input line 1
16.

(/usr/local/texlive/2026basic/texmf-dist/tex/latex/lm/omllmm.fd
File: omllmm.fd 2015/05/01 v1.6.1 Font defs for Latin Modern
)
LaTeX Font Info:    Trying to load font information for OMS+lmsy on input line 
116.

(/usr/local/texlive/2026basic/texmf-dist/tex/latex/lm/omslmsy.fd
File: omslmsy.fd 2015/05/01 v1.6.1 Font defs for Latin Modern
)
LaTeX Font Info:    Trying to load font information for OMX+lmex on input line 
116.

(/usr/local/texlive/2026basic/texmf-dist/tex/latex/lm/omxlmex.fd
File: omxlmex.fd 2015/05/01 v1.6.1 Font defs for Latin Modern
)
LaTeX Font Info:    External font `lmex10' loaded for size
(Font)              <10.95> on input line 116.
LaTeX Font Info:    External font `lmex10' loaded for size
(Font)              <8> on input line 116.
LaTeX Font Info:    External font `lmex10' loaded for size
(Font)              <6> on input line 116.
LaTeX Font Info:    Trying to load font information for U+msa on input line 116
.

(/usr/local/texlive/2026basic/texmf-dist/tex/latex/amsfonts/umsa.fd
File: umsa.fd 2013/01/14 v3.01 AMS symbols A
)
(/usr/local/texlive/2026basic/texmf-dist/tex/latex/microtype/mt-msa.cfg
File: mt-msa.cfg 2006/02/04 v1.1 microtype config. file: AMS symbols (a) (RS)
)
LaTeX Font Info:    Trying to load font information for U+msb on input line 116
.

(/usr/local/texlive/2026basic/texmf-dist/tex/latex/amsfonts/umsb.fd
File: umsb.fd 2013/01/14 v3.01 AMS symbols B
)
(/usr/local/texlive/2026basic/texmf-dist/tex/latex/microtype/mt-msb.cfg
File: mt-msb.cfg 2005/06/01 v1.0 microtype config. file: AMS symbols (b) (RS)
)
[1

{/usr/local/texlive/2026basic/texmf-var/fonts/map/pdftex/updmap/pdftex.map}{/us
r/local/texlive/2026basic/texmf-dist/fonts/enc/dvips/lm/lm-ec.enc} <./logo_quan
tum_bluff.png> <./logo_unistra.png (PNG copy)>] [1] [2] (./rapport.toc
[3] [4] [5] [6])
\tf@toc=\write5
\openout5 = `rapport.toc'.

 [7] (./rapport.lof
Overfull \hbox (12.81032pt too wide) in paragraph at lines 1--1
 \T1/lmr/m/n/10.95 (-20) ma-tions linéaires suc-ces-sives, \T1/lmr/bx/n/10.95 (
-20) 196 \T1/lmr/m/n/10.95 (-20) neu-rones après la couche d'entrée (96+64+32+4
), 
 []

)
\tf@lof=\write6
\openout6 = `rapport.lof'.

 [8{/usr/local/texlive/2026basic/texmf-dist/fonts/enc/dvips/lm/lm-mathsy.enc}] 
(./rapport.lot)
\tf@lot=\write7
\openout7 = `rapport.lot'.

 [9]
pdfTeX warning (ext4): destination with the same identifier (name{page.1}) has 
been already used, duplicate ignored
<to be read again> 
                   \relax 
l.203 \section
              {Methodology, traceability, and reading guide} [1] [2

]
Overfull \hbox (83.6591pt too wide) in paragraph at lines 227--228
\T1/lmtt/m/n/10.95 Blackjack . tsx$\T1/lmr/m/n/10.95 (-20) , $\T1/lmtt/m/n/10.9
5 client / src / pages / BlackjackMultiLobby . tsx$\T1/lmr/m/n/10.95 (-20) , $\
T1/lmtt/m/n/10.95 client / src / pages / BlackjackMultiTable .
 []

[3

] [4

] [5] [6

] [7]
Overfull \hbox (5.50868pt too wide) in paragraph at lines 288--289
[]\T1/lmr/m/n/10.95 (-20) When hole cards of op-po-nents are known (prac-tice/o
racle con-texts), \T1/lmtt/m/n/10.95 expertOracleDecision
 []

[8

{/usr/local/texlive/2026basic/texmf-dist/fonts/enc/dvips/lm/lm-mathit.enc}{/usr
/local/texlive/2026basic/texmf-dist/fonts/enc/dvips/lm/lm-rm.enc}]
LaTeX Font Info:    External font `lmex10' loaded for size
(Font)              <9> on input line 325.
LaTeX Font Info:    External font `lmex10' loaded for size
(Font)              <5> on input line 325.
LaTeX Font Info:    Font shape `T1/lmtt/bx/n' in size <9> not available
(Font)              Font shape `T1/lmtt/b/n' tried instead on input line 325.
LaTeX Font Info:    Trying to load font information for T1+lmss on input line 3
26.

(/usr/local/texlive/2026basic/texmf-dist/tex/latex/lm/t1lmss.fd
File: t1lmss.fd 2015/05/01 v1.6.1 Font defs for Latin Modern
)
Package microtype Info: Loading generic protrusion settings for font family
(microtype)             `lmss' (encoding: T1).
(microtype)             For optimal results, create family-specific settings.
(microtype)             See the microtype manual for details.
 [9] [10]
Underfull \hbox (badness 10000) in paragraph at lines 383--383
[]|$\T1/lmtt/m/n/10.95 /game$\T1/lmr/m/n/10.95 (+20) ,
 []


Overfull \hbox (18.61894pt too wide) in paragraph at lines 384--384
[]|$\T1/lmtt/m/n/10.95 /bot-[]configuration$| 
 []


Underfull \hbox (badness 10000) in paragraph at lines 386--386
[]|\T1/lmr/m/n/10.95 (+20) In-game panel,
 []


Underfull \hbox (badness 10000) in paragraph at lines 387--387
[]|$\T1/lmtt/m/n/10.95 /blackjack$\T1/lmr/m/n/10.95 (+20) ,
 []


Underfull \hbox (badness 10000) in paragraph at lines 387--387
\T1/lmtt/m/n/10.95 /blackjack /
 []


Underfull \hbox (badness 10000) in paragraph at lines 387--387
\T1/lmtt/m/n/10.95 lobby$\T1/lmr/m/n/10.95 (+20) ,
 []


Underfull \hbox (badness 10000) in paragraph at lines 387--387
\T1/lmtt/m/n/10.95 /blackjack /
 []


Underfull \hbox (badness 3240) in paragraph at lines 389--389
[]|\T1/lmr/m/n/10.95 (+20) Waiting, play, re-sults,
 []


Underfull \hbox (badness 10000) in paragraph at lines 389--389
[]|$\T1/lmtt/m/n/10.95 /tournaments / . .
 []


Underfull \hbox (badness 2134) in paragraph at lines 390--390
[]|$\T1/lmtt/m/n/10.95 /friends$\T1/lmr/m/n/10.95 (+20) , lobby
 []


Underfull \hbox (badness 10000) in paragraph at lines 391--391
\T1/lmr/m/n/10.95 (+20) lenges, lo-gin streak,
 []


Underfull \hbox (badness 10000) in paragraph at lines 391--391
[]|$\T1/lmtt/m/n/10.95 /profile$\T1/lmr/m/n/10.95 (+20) ,
 []


Underfull \hbox (badness 10000) in paragraph at lines 392--392
[]|$\T1/lmtt/m/n/10.95 /auth$\T1/lmr/m/n/10.95 (+20) ,
 []


Underfull \hbox (badness 5681) in paragraph at lines 393--393
[]|\T1/lmr/m/n/10.95 (+20) Operator web con-sole
 []


Underfull \hbox (badness 10000) in paragraph at lines 395--395
[]|$\T1/lmtt/m/n/10.95 client / src /
 []


Underfull \hbox (badness 10000) in paragraph at lines 395--395
\T1/lmtt/m/n/10.95 components /
 []


Underfull \hbox (badness 10000) in paragraph at lines 395--395
\T1/lmtt/m/n/10.95 Layout . tsx$\T1/lmr/m/n/10.95 (+20) ,
 []


Underfull \hbox (badness 10000) in paragraph at lines 396--396
[]|\T1/lmr/m/n/10.95 (+20) Lobby/settings
 []


Underfull \hbox (badness 10000) in paragraph at lines 397--397
[]|\T1/lmr/m/n/10.95 (+20) Tournament
 []


Underfull \hbox (badness 10000) in paragraph at lines 397--397
[]|$\T1/lmtt/m/n/10.95 client / src /
 []


Underfull \hbox (badness 10000) in paragraph at lines 397--397
\T1/lmtt/m/n/10.95 features /
 []


Underfull \hbox (badness 10000) in paragraph at lines 397--397
\T1/lmtt/m/n/10.95 tournament /
 []


Underfull \hbox (badness 10000) in paragraph at lines 397--397
\T1/lmtt/m/n/10.95 components /
 []


Overfull \hbox (2.59735pt too wide) in paragraph at lines 397--397
\T1/lmtt/m/n/10.95 ZipRushMiniGame .
 []


Underfull \hbox (badness 10000) in paragraph at lines 398--398
[]|$\T1/lmtt/m/n/10.95 /game-[]example$\T1/lmr/m/n/10.95 (+20) ,
 []


Underfull \hbox (badness 10000) in paragraph at lines 399--399
[]|$\T1/lmtt/m/n/10.95 client / src /
 []


Underfull \hbox (badness 10000) in paragraph at lines 399--399
\T1/lmtt/m/n/10.95 contexts /
 []


Overfull \hbox (31.05357pt too wide) in paragraph at lines 399--399
\T1/lmtt/m/n/10.95 AccessibilityContext .
 []


Underfull \hbox (badness 10000) in paragraph at lines 399--399
\T1/lmtt/m/n/10.95 tsx$\T1/lmr/m/n/10.95 (+20) ,
 []


Overfull \hbox (13.80737pt too wide) in paragraph at lines 399--399
\T1/lmtt/m/n/10.95 TableThemeContext .
 []


Underfull \hbox (badness 10000) in paragraph at lines 399--399
\T1/lmtt/m/n/10.95 tsx$\T1/lmr/m/n/10.95 (+20) ,
 []


Underfull \hbox (badness 10000) in paragraph at lines 399--399
\T1/lmtt/m/n/10.95 MusicContext .
 []


ignored: Infinite glue shrinkage found in box being split [11

]
LaTeX Font Info:    Trying to load font information for TS1+lmr on input line 4
12.
 (/usr/local/texlive/2026basic/texmf-dist/tex/latex/lm/ts1lmr.fd
File: ts1lmr.fd 2015/05/01 v1.6.1 Font defs for Latin Modern
) [12]
[13{/usr/local/texlive/2026basic/texmf-dist/fonts/enc/dvips/lm/lm-ts1.enc}]
[14]
Overfull \hbox (60.23495pt too wide) in paragraph at lines 500--501
\T1/lmtt/m/n/10.95 waitingRoom . routes . ts$\T1/lmr/m/n/10.95 (-20) ) or tour-
na-ment ta-bles (via $\T1/lmtt/m/n/10.95 server / src / tournament / tournament
TableFactory .
 []

[15{/usr/local/texlive/2026basic/texmf-dist/fonts/enc/dvips/lm/lm-mathex.enc}]
[16] [17]
Overfull \hbox (14.14577pt too wide) in paragraph at lines 552--553
\T1/lmr/m/n/10.95 (-20) seating ($\T1/lmtt/m/n/10.95 server / src / tournament 
/ bracket/$\T1/lmr/m/n/10.95 (-20) ), winner-bet set-tle-ment ($\T1/lmtt/m/n/10
.95 server / src / tournament /
 []

[18

]
Overfull \hbox (10.21738pt too wide) in paragraph at lines 591--592
 [][] 
 []

LaTeX Font Info:    External font `lmex10' loaded for size
(Font)              <10> on input line 592.
LaTeX Font Info:    External font `lmex10' loaded for size
(Font)              <7> on input line 592.
[19] [20]
Overfull \hbox (21.84567pt too wide) in paragraph at lines 604--605
\T1/lmr/bx/n/10.95 (-20) tainer im-ages \T1/lmr/m/n/10.95 (-20) on \T1/lmtt/m/n
/10.95 develop\T1/lmr/m/n/10.95 (-20) , \T1/lmtt/m/n/10.95 main\T1/lmr/m/n/10.9
5 (-20) , and \T1/lmtt/m/n/10.95 release/* \T1/lmr/m/n/10.95 (-20) us-ing \T1/l
mr/bx/n/10.95 (-20) Kaniko\T1/lmr/m/n/10.95 (-20) : each job runs \T1/lmtt/m/n/
10.95 /kaniko/executor
 []


Overfull \hbox (39.30661pt too wide) in paragraph at lines 604--605
\T1/lmr/m/n/10.95 (-20) un-der $\T1/lmtt/m/n/10.95 server / ai-[]service/$\T1/l
mr/m/n/10.95 (-20) , au-then-ti-cates to the Git-Lab reg-istry via \T1/lmtt/m/n
/10.95 /kaniko/.docker/config.json\T1/lmr/m/n/10.95 (-20) ,
 []


Overfull \hbox (13.13254pt too wide) in paragraph at lines 604--605
\T1/lmr/m/n/10.95 (-20) and pushes im-mutable SHA-tagged im-ages plus rolling \
T1/lmtt/m/n/10.95 :latest\T1/lmr/m/n/10.95 (-20) , \T1/lmtt/m/n/10.95 :client-l
atest\T1/lmr/m/n/10.95 (-20) , or \T1/lmtt/m/n/10.95 :ai-latest
 []

[21

]
Overfull \hbox (10.52452pt too wide) in paragraph at lines 628--629
[]\T1/lmr/bx/n/10.95 (-20) Tag-based rout-ing: \T1/lmr/m/n/10.95 (-20) The de-p
loy jobs in \T1/lmtt/m/n/10.95 .gitlab-ci.yml \T1/lmr/m/n/10.95 (-20) use the t
ag \T1/lmtt/m/n/10.95 runner-vm-quantum\T1/lmr/m/n/10.95 (-20) ,
 []


Overfull \hbox (91.91438pt too wide) in paragraph at lines 637--638
[]\T1/lmr/bx/n/10.95 (-20) Docker au-then-ti-ca-tion: \T1/lmtt/m/n/10.95 echo "
$CI_REGISTRY_PASSWORD" | docker login -u "$CI_REGISTRY_USER"
 []


Overfull \hbox (18.43741pt too wide) in paragraph at lines 638--639
[]\T1/lmr/bx/n/10.95 (-20) Dynamic .env gen-er-a-tion: \T1/lmr/m/n/10.95 (-20) 
Re-con-structs \T1/lmtt/m/n/10.95 .env \T1/lmr/m/n/10.95 (-20) from se-cure Git
-Lab vari-ables (\T1/lmtt/m/n/10.95 $JWT_SECRET\T1/lmr/m/n/10.95 (-20) ,
 []

[22]
Overfull \hbox (21.24051pt too wide) in paragraph at lines 649--650
$\T1/lmtt/m/n/10.95 .gitlab-[]ci . yml$\T1/lmr/m/n/10.95 (-20) , $\T1/lmtt/m/n/
10.95 Docs / DEPLOY . md$\T1/lmr/m/n/10.95 (-20) , $\T1/lmtt/m/n/10.95 server /
 Dockerfile$\T1/lmr/m/n/10.95 (-20) , $\T1/lmtt/m/n/10.95 client / Dockerfile$\
T1/lmr/m/n/10.95 (-20) , $\T1/lmtt/m/n/10.95 docker-[]compose .
 []


Overfull \hbox (3.68637pt too wide) in paragraph at lines 653--654
\T1/lmtt/m/n/10.95 capacitor\T1/lmr/m/n/10.95 (-20) . \T1/lmr/bx/n/10.95 (-20) 
Elec-tron \T1/lmr/m/n/10.95 (-20) ($\T1/lmtt/m/n/10.95 client / electron . cjs$
\T1/lmr/m/n/10.95 (-20) , $\T1/lmtt/m/n/10.95 electron-[]builder$ \T1/lmr/m/n/1
0.95 (-20) in $\T1/lmtt/m/n/10.95 client / package . json$\T1/lmr/m/n/10.95 (-2
0) )
 []

[23]
Overfull \hbox (71.89911pt too wide) in paragraph at lines 692--693
\T1/lmr/m/n/10.95 (-20) Jest col-lects cov-er-age only on \T1/lmr/bx/n/10.95 (-
20) logic-heavy paths \T1/lmr/m/n/10.95 (-20) listed in $\T1/lmtt/m/n/10.95 ser
ver / jest . config . cjs$ \T1/lmr/m/n/10.95 (-20) (\T1/lmtt/m/n/10.95 collectC
overageFrom\T1/lmr/m/n/10.95 (-20) :
 []


Underfull \hbox (badness 1845) in paragraph at lines 706--706
[]\T1/lmss/bx/n/10 (+20) Table 3: |\T1/lmr/m/n/10 (+20) Server Jest cov-er-age 
ag-gre-gate on \T1/lmtt/m/n/10 collectCoverageFrom \T1/lmr/m/n/10 (+20) (May 20
26; \T1/lmtt/m/n/10 npm run
 []

[24

] [25] [26

] [27

] [28

] [29]
Underfull \hbox (badness 10000) in paragraph at lines 824--825
[]$\T1/lmtt/m/n/10 CODEOWNERS$\T1/lmr/m/n/10 (+20) : se-cu-
 []


Underfull \hbox (badness 10000) in paragraph at lines 824--825
\T1/lmr/m/n/10 (+20) rity/network/docker/config/.gitlab
 []


Underfull \hbox (badness 1043) in paragraph at lines 825--825
[]\T1/lmr/m/n/10 (+20) Database mod-el-ing, Prisma
 []


Underfull \hbox (badness 10000) in paragraph at lines 825--825
\T1/lmr/m/n/10 (+20) schema, mi-gra-tions,
 []


Underfull \hbox (badness 10000) in paragraph at lines 827--828
[]$\T1/lmtt/m/n/10 CODEOWNERS$\T1/lmr/m/n/10 (+20) : fron-
 []


Underfull \hbox (badness 10000) in paragraph at lines 827--828
\T1/lmr/m/n/10 (+20) tend/components/pages own-er-ship;
 []


Underfull \hbox (badness 6047) in paragraph at lines 829--830
\T1/lmr/m/n/10 (+20) game en-ti-ties, card logic, mini-
 []


Underfull \hbox (badness 2165) in paragraph at lines 830--830
\T1/lmr/m/n/10 (+20) re-spon-sive UI, Git/MR re-
 []


Underfull \hbox (badness 10000) in paragraph at lines 830--831
[]\T1/lmr/m/n/10 (+20) See nar-ra-tive above; playtests
 []


Underfull \hbox (badness 10000) in paragraph at lines 830--831
\T1/lmr/m/n/10 (+20) on $\T1/lmtt/m/n/10 client / src / pages / Game . tsx$\T1/
lmr/m/n/10 (+20) ,
 []


Underfull \hbox (badness 10000) in paragraph at lines 830--831
\T1/lmtt/m/n/10 client / src / features / tournament/$\T1/lmr/m/n/10 (+20) ,
 []

[30] [31] [32

] [33] [34

] [35


] [36

] [37

]
Underfull \hbox (badness 10000) in paragraph at lines 1063--1063
[]|\T1/lmtt/m/n/10.95 User\T1/lmr/m/n/10.95 (+20) , \T1/lmtt/m/n/10.95 UserStat
s\T1/lmr/m/n/10.95 (+20) ,
 []


Underfull \hbox (badness 10000) in paragraph at lines 1063--1063
\T1/lmtt/m/n/10.95 PlayerStats\T1/lmr/m/n/10.95 (+20) ,
 []


Underfull \hbox (badness 10000) in paragraph at lines 1065--1065
[]|\T1/lmtt/m/n/10.95 Tournament\T1/lmr/m/n/10.95 (+20) ,
 []


Underfull \hbox (badness 10000) in paragraph at lines 1065--1065
\T1/lmtt/m/n/10.95 TournamentPlayer\T1/lmr/m/n/10.95 (+20) ,
 []


Underfull \hbox (badness 10000) in paragraph at lines 1065--1065
\T1/lmtt/m/n/10.95 TournamentRound\T1/lmr/m/n/10.95 (+20) ,
 []


Underfull \hbox (badness 10000) in paragraph at lines 1065--1065
\T1/lmtt/m/n/10.95 TournamentTable\T1/lmr/m/n/10.95 (+20) ,
 []


Underfull \hbox (badness 10000) in paragraph at lines 1066--1066
[]|\T1/lmtt/m/n/10.95 WalletLedgerEntry\T1/lmr/m/n/10.95 (+20) ,
 []


Underfull \hbox (badness 10000) in paragraph at lines 1066--1066
\T1/lmtt/m/n/10.95 TournamentRewardLedger\T1/lmr/m/n/10.95 (+20) ,
 []


Underfull \hbox (badness 10000) in paragraph at lines 1067--1067
[]|\T1/lmtt/m/n/10.95 Friendship\T1/lmr/m/n/10.95 (+20) ,
 []


Underfull \hbox (badness 10000) in paragraph at lines 1067--1067
\T1/lmtt/m/n/10.95 FriendRequest\T1/lmr/m/n/10.95 (+20) ,
 []


Underfull \hbox (badness 10000) in paragraph at lines 1067--1067
\T1/lmtt/m/n/10.95 FriendMessage\T1/lmr/m/n/10.95 (+20) ,
 []


Underfull \hbox (badness 10000) in paragraph at lines 1067--1067
\T1/lmtt/m/n/10.95 LoanRequest\T1/lmr/m/n/10.95 (+20) , \T1/lmtt/m/n/10.95 Loan
\T1/lmr/m/n/10.95 (+20) ,
 []


Underfull \hbox (badness 2012) in paragraph at lines 1067--1068
\T1/lmr/m/n/10.95 (+20) through ex-plicit join ta-bles and
 []


Underfull \hbox (badness 10000) in paragraph at lines 1068--1068
[]|\T1/lmtt/m/n/10.95 BlackjackRoom\T1/lmr/m/n/10.95 (+20) ,
 []


Underfull \hbox (badness 10000) in paragraph at lines 1068--1068
\T1/lmtt/m/n/10.95 BlackjackRoomSeat\T1/lmr/m/n/10.95 (+20) ,
 []


Underfull \hbox (badness 10000) in paragraph at lines 1068--1068
\T1/lmtt/m/n/10.95 BlackjackRoomSnapshot\T1/lmr/m/n/10.95 (+20) ,
 []


Underfull \hbox (badness 10000) in paragraph at lines 1069--1069
[]|\T1/lmtt/m/n/10.95 HiddenBetTicket\T1/lmr/m/n/10.95 (+20) ,
 []


Underfull \hbox (badness 10000) in paragraph at lines 1069--1069
\T1/lmtt/m/n/10.95 HiddenBetSelection\T1/lmr/m/n/10.95 (+20) ,
 []


Overfull \hbox (1.33803pt too wide) in paragraph at lines 1069--1069
\T1/lmtt/m/n/10.95 HiddenBetHandResolution| 
 []


Underfull \hbox (badness 1412) in paragraph at lines 1069--1070
[]|\T1/lmr/m/n/10.95 (+20) A ticket be-longs to a user and
 []


ignored: Infinite glue shrinkage found in box being split [38

] [39]
Overfull \hbox (5.69946pt too wide) in paragraph at lines 1086--1087
\T1/lmr/m/n/10.95 (-20) Structured logic notes: $\T1/lmtt/m/n/10.95 Docs / deta
il _ logique / backend / 01 _ poker _ moteur . md$\T1/lmr/m/n/10.95 (-20) , $\T
1/lmtt/m/n/10.95 Docs / detail _
 []

[40

] [41

]
Overfull \hbox (144.7102pt too wide) in paragraph at lines 1144--1145
\T1/lmr/m/n/10.95 (-20) For re-vealed op-po-nent holes, \T1/lmtt/m/n/10.95 expe
rtOracleDecision \T1/lmr/m/n/10.95 (-20) com-putes hero strength $\OML/lmm/m/it
/10.95 ^^[[] \OT1/lmr/m/n/10.95 (-20) = []([]\OML/lmm/m/it/10.95 ; []\OT1/lmr/m
/n/10.95 (-20) )$
 []

[42] [43]
Overfull \hbox (24.46889pt too wide) in paragraph at lines 1167--1168
[]\T1/lmr/m/n/10.95 (-20) Builds the re-main-ing deck ex-clud-ing known hero an
d com-mu-nity cards (\T1/lmtt/m/n/10.95 buildDeckExcluding\T1/lmr/m/n/10.95 (-2
0) ). 
 []

[44

]
Overfull \hbox (3.48564pt too wide) in paragraph at lines 1236--1237
\T1/lmr/m/n/10.95 (-20) Both $\T1/lmtt/m/n/10.95 server / src / logic / Evaluat
or . ts$ \T1/lmr/m/n/10.95 (-20) and $\T1/lmtt/m/n/10.95 client / src / utils /
 pokerHandCategory . ts$ \T1/lmr/m/n/10.95 (-20) use
 []

[45] [46]
Overfull \hbox (80.91992pt too wide) in paragraph at lines 1251--1252
\T1/lmr/m/n/10.95 (-20) Live mar-kets use tab-u-lated dec-i-mal odds keyed by t
a-ble pa-ram-e-ters. For in-stance, $\T1/lmtt/m/n/10.95 oddsPlayerWinsCurrentHa
nd$
 []


Overfull \hbox (26.26303pt too wide) in paragraph at lines 1255--1256
$\T1/lmtt/m/n/10.95 Docs / intern / HIDDEN _ BETS _ SPEC . md$\T1/lmr/m/n/10.95
 (-20) , $\T1/lmtt/m/n/10.95 Docs / detail _ logique / backend / 07 _ hidden _ 
bets _ moteur .
 []

[47

] [48

] [49] [50]
Overfull \hbox (7.38348pt too wide) in paragraph at lines 1460--1460
[]    \T1/lmtt/m/n/10.95 const sharePerWinner = Math.floor(pot.amount / pot.eli
gibleWinners.length)[] 
 []


Overfull \hbox (1.63475pt too wide) in paragraph at lines 1460--1460
[]      \T1/lmtt/m/n/10.95 distribution[winnerId] = (distribution[winnerId] ?? 
0) + sharePerWinner[] 
 []

[51]
Overfull \hbox (70.57886pt too wide) in paragraph at lines 1480--1481
\T1/lmr/m/n/10.95 (-20) crete \T1/lmtt/m/n/10.95 GameTable \T1/lmr/m/n/10.95 (-
20) in-stances through $\T1/lmtt/m/n/10.95 tournamentTableFactory . ts$\T1/lmr/
m/n/10.95 (-20) , emits \T1/lmtt/m/n/10.95 TOURNAMENT_TABLE_ASSIGNED
 []


Overfull \hbox (96.82083pt too wide) in paragraph at lines 1480--1481
\T1/lmr/m/n/10.95 (-20) to per-user rooms, records elim-i-na-tions when bust-ou
t events ar-rive ($\T1/lmtt/m/n/10.95 recordTournamentEliminationsIfAny$\T1/lmr
/m/n/10.95 (-20) ),
 []


Overfull \hbox (81.55453pt too wide) in paragraph at lines 1480--1481
\T1/lmr/m/n/10.95 (-20) and ad-vances the state ma-chine (\T1/lmtt/m/n/10.95 pe
nding_other_tables\T1/lmr/m/n/10.95 (-20) , \T1/lmtt/m/n/10.95 next_round_spawn
ed\T1/lmr/m/n/10.95 (-20) , \T1/lmtt/m/n/10.95 tournament_complete\T1/lmr/m/n/1
0.95 (-20) ). 
 []

[52]
Overfull \hbox (10.9218pt too wide) in paragraph at lines 1493--1495
\T1/lmr/m/n/10.95 (-20) with the re-main-der dis-tributed one seat at a time (s
ee im-ple-men-ta-tion). $\T1/lmtt/m/n/10.95 assertTableSizesValid$
 []


Overfull \hbox (2.21297pt too wide) in paragraph at lines 1498--1499
$\T1/lmtt/m/n/10.95 buildOpeningRound$ \T1/lmr/m/n/10.95 (-20) and $\T1/lmtt/m/
n/10.95 buildRoundFromSurvivors$ \T1/lmr/m/n/10.95 (-20) in $\T1/lmtt/m/n/10.95
 TournamentBracketBuilder . ts$ \T1/lmr/m/n/10.95 (-20) take
 []


Overfull \hbox (4.70401pt too wide) in paragraph at lines 1506--1507
\T1/lmr/m/n/10.95 (-20) cient chips, valid amount). Ac-tion dedu-pli-ca-tion ca
che (com-pos-ite key: \T1/lmtt/m/n/10.95 handId:actionId\T1/lmr/m/n/10.95 (-20)
 )
 []

[53]
Overfull \hbox (0.44197pt too wide) in paragraph at lines 1514--1515
[]\T1/lmr/bx/n/10.95 (-20) Final rank-ing\T1/lmr/m/n/10.95 (-20) : When only on
e player re-mains, the tour-na-ment tran-si-tions to \T1/lmtt/m/n/10.95 COMPLET
ED\T1/lmr/m/n/10.95 (-20) ,
 []

[54] [55]
Overfull \hbox (66.78091pt too wide) in paragraph at lines 1552--1553
\T1/lmr/m/n/10.95 (-20) ing the Socket.IO hand-shake. The mid-dle-ware ex-tract
s the JWT from ei-ther \T1/lmtt/m/n/10.95 socket.handshake.auth.token
 []

[56

]
LaTeX Font Info:    Font shape `T1/lmtt/bx/n' in size <10.95> not available
(Font)              Font shape `T1/lmtt/b/n' tried instead on input line 1602.

Overfull \hbox (4.15419pt too wide) in paragraph at lines 1614--1615
 []\T1/lmr/bx/n/10.95 (-20) Tournament rooms (\T1/lmtt/b/n/10.95 tournament:{to
urnamentId}\T1/lmr/bx/n/10.95 (-20) , \T1/lmtt/b/n/10.95 TOURNAMENT_LOBBY\T1/lm
r/bx/n/10.95 (-20) ):[] \T1/lmr/m/n/10.95 (-20) Used for bracket
 []

[57]
Overfull \hbox (36.5479pt too wide) in paragraph at lines 1628--1629
\T1/lmr/m/n/10.95 (-20) For dura-bil-ity, snap-shots are also pushed to a per-s
is-tent store ($\T1/lmtt/m/n/10.95 server / src / shared / pokerStateStore .
 []

[58] [59]
Overfull \hbox (9.01683pt too wide) in paragraph at lines 1745--1746
$\T1/lmtt/m/n/10.95 server / src / sockets / game . gateway . ts$\T1/lmr/m/n/10
.95 (-20) , $\T1/lmtt/m/n/10.95 server / src / middleware / socketAuth . middle
ware .
 []

[60]
Overfull \hbox (123.9339pt too wide) in paragraph at lines 1772--1773
\T1/lmtt/m/n/10.95 server / src / routes / blackjackMulti . routes . ts$\T1/lmr
/m/n/10.95 (-20) , con-trollers un-der $\T1/lmtt/m/n/10.95 server / src / logic
 / BlackjackTableController .
 []


Overfull \hbox (40.63487pt too wide) in paragraph at lines 1776--1777
$\T1/lmtt/m/n/10.95 Docs / detail _ logique / backend / 03 _ blackjack _ solo _
 moteur . md$\T1/lmr/m/n/10.95 (-20) , $\T1/lmtt/m/n/10.95 Docs / detail _ logi
que / backend /
 []

[61

] [62] [63

]
Overfull \hbox (71.80376pt too wide) in paragraph at lines 1852--1854
\T1/lmr/m/n/10.95 (-20) server en-forces caps (\T1/lmtt/m/n/10.95 ROULETTE_MAX_
BET_CAP\T1/lmr/m/n/10.95 (-20) , \T1/lmtt/m/n/10.95 ROULETTE_MAX_TOTAL_STAKE\T1
/lmr/m/n/10.95 (-20) , \T1/lmtt/m/n/10.95 ROULETTE_MAX_BETS_PER_SPIN\T1/lmr/m/n
/10.95 (-20) )
 []


Overfull \hbox (19.55493pt too wide) in paragraph at lines 1857--1858
\T1/lmtt/m/n/10.95 md$\T1/lmr/m/n/10.95 (-20) , $\T1/lmtt/m/n/10.95 Docs / deta
il _ logique / backend / 06 _ slot _ moteur . md$\T1/lmr/m/n/10.95 (-20) , $\T1
/lmtt/m/n/10.95 Docs / final _ report / ROULETTE . adoc$\T1/lmr/m/n/10.95 (-20)
 . 
 []

[64]
Overfull \hbox (23.70872pt too wide) in paragraph at lines 1883--1884
[]\T1/lmr/m/n/10.95 (-20) Roulette bets must re-spect \T1/lmtt/m/n/10.95 ROULET
TE_MAX_BET_CAP \T1/lmr/m/n/10.95 (-20) per line and \T1/lmtt/m/n/10.95 ROULETTE
_MAX_TOTAL_STAKE
 []

[65]
Overfull \hbox (1.37303pt too wide) in paragraph at lines 1893--1894
\T1/lmr/m/n/10.95 (-20) Friends UI: $\T1/lmtt/m/n/10.95 client / src / pages / 
Friends . tsx$\T1/lmr/m/n/10.95 (-20) . REST: $\T1/lmtt/m/n/10.95 server / src 
/ routes / friends . routes .
 []


Overfull \hbox (29.00368pt too wide) in paragraph at lines 1893--1894
\T1/lmtt/m/n/10.95 ts$\T1/lmr/m/n/10.95 (-20) ; poker in-vi-ta-tions $\T1/lmtt/
m/n/10.95 server / src / routes / invitation . routes . ts$ \T1/lmr/m/n/10.95 (
-20) (also un-der $\T1/lmtt/m/n/10.95 /api / invitations$\T1/lmr/m/n/10.95 (-20
) );
 []

[66

]
Overfull \hbox (7.13153pt too wide) in paragraph at lines 1904--1905
\T1/lmtt/m/n/10.95 dailyLogin/$\T1/lmr/m/n/10.95 (-20) ) with ded-i-cated route
rs. Pub-lic leader-boards: $\T1/lmtt/m/n/10.95 server / src / routes / leaderbo
ard .
 []

[67

]
Overfull \hbox (18.90468pt too wide) in paragraph at lines 1925--1926
\T1/lmr/m/n/10.95 (-20) mutable \T1/lmtt/m/n/10.95 WalletLedgerEntry \T1/lmr/m/
n/10.95 (-20) row in Post-greSQL ($\T1/lmtt/m/n/10.95 server / src / casino / s
ervices / walletLedger .
 []


Overfull \hbox (5.10796pt too wide) in paragraph at lines 1925--1926
\T1/lmtt/m/n/10.95 service . ts$\T1/lmr/m/n/10.95 (-20) ). Fields: userId, rea-
son (e.g. \T1/lmtt/m/n/10.95 GAME_WIN\T1/lmr/m/n/10.95 (-20) , \T1/lmtt/m/n/10.
95 TOURNAMENT_PRIZE\T1/lmr/m/n/10.95 (-20) , \T1/lmtt/m/n/10.95 LOAN_REPAYMENT_
IN\T1/lmr/m/n/10.95 (-20) ),
 []


Overfull \hbox (8.75098pt too wide) in paragraph at lines 1933--1934
\T1/lmtt/m/n/10.95 server / src / logic / friendLoan . interest . ts$\T1/lmr/m/
n/10.95 (-20) , $\T1/lmtt/m/n/10.95 server / src / routes / friendLoan . routes
 . ts$\T1/lmr/m/n/10.95 (-20) ,
 []

[68

] [69] [70

]
Overfull \hbox (8.51945pt too wide) in paragraph at lines 1951--1952
\T1/lmtt/m/n/10.95 Dockerfile$\T1/lmr/m/n/10.95 (-20) , con-text $\T1/lmtt/m/n/
10.95 server/$\T1/lmr/m/n/10.95 (-20) , des-ti-na-tions \T1/lmtt/m/n/10.95 ${CI
_REGISTRY_IMAGE}:${CI_COMMIT_SHORT_SHA}
 []


Overfull \hbox (38.19624pt too wide) in paragraph at lines 1955--1956
\T1/lmtt/m/n/10.95 npm run build:electron \T1/lmr/m/n/10.95 (-20) runs Vite in 
\T1/lmtt/m/n/10.95 electron \T1/lmr/m/n/10.95 (-20) mode; \T1/lmtt/m/n/10.95 el
ectron:build:win\T1/lmr/m/n/10.95 (-20) , \T1/lmtt/m/n/10.95 electron:build:mac
\T1/lmr/m/n/10.95 (-20) ,
 []

[71

]
Overfull \hbox (33.50035pt too wide) in paragraph at lines 1970--1971
\T1/lmtt/m/n/10.95 services / pokerStateSync . service . ts$ \T1/lmr/m/n/10.95 
(-20) and stored be-hind $\T1/lmtt/m/n/10.95 server / src / shared / pokerState
Store .
 []

[72

] [73] [74

]
Overfull \hbox (72.00797pt too wide) in paragraph at lines 2017--2019
\T1/lmr/m/n/10.95 (-20) May 2026 lo-cal run re-ported $\OT1/lmr/m/n/10.95 (-20)
 ([][]\OML/lmm/m/it/10.95 ; [][]; [][]; [][]\OT1/lmr/m/n/10.95 (-20) ) = (86\OM
L/lmm/m/it/10.95 :\OT1/lmr/m/n/10.95 (-20) 56%\OML/lmm/m/it/10.95 ; \OT1/lmr/m/
n/10.95 (-20) 83\OML/lmm/m/it/10.95 :\OT1/lmr/m/n/10.95 (-20) 69%\OML/lmm/m/it/
10.95 ; \OT1/lmr/m/n/10.95 (-20) 88\OML/lmm/m/it/10.95 :\OT1/lmr/m/n/10.95 (-20
) 75%\OML/lmm/m/it/10.95 ; \OT1/lmr/m/n/10.95 (-20) 67\OML/lmm/m/it/10.95 :\OT1
/lmr/m/n/10.95 (-20) 90%)$
 []

[75

]
Overfull \hbox (25.02728pt too wide) in paragraph at lines 2043--2044
\T1/lmr/m/n/10.95 (-20) shot logic lives un-der $\T1/lmtt/m/n/10.95 server / sr
c / blackjack / recovery/$ \T1/lmr/m/n/10.95 (-20) and $\T1/lmtt/m/n/10.95 serv
er / src / blackjack / services/$\T1/lmr/m/n/10.95 (-20) .
 []

[76

]
Overfull \hbox (11.58562pt too wide) in paragraph at lines 2061--2062
\T1/lmr/m/n/10.95 (-20) The project is or-ga-nized into do-main mod-ules shar-i
ng one run-time ar-chi-tec-ture: Re-act/TypeScript
 []


Overfull \hbox (0.60112pt too wide) in paragraph at lines 2063--2064
[]\T1/lmr/m/n/10.95 (-20) Poker uses server-side ta-ble au-thor-ity. Ac-tions f
low through $\T1/lmtt/m/n/10.95 server / src / poker / services /
 []

[77] [78] [79

] [80


] (./rapport.aux)
 ***********
LaTeX2e <2025-11-01>
L3 programming layer <2026-01-19>
 ***********
Package rerunfilecheck Info: File `rapport.out' has not changed.
(rerunfilecheck)             Checksum: 6EAF5607DA49F9BD15DE26EA45B6AD83;37319.
 ) 
Here is how much of TeX's memory you used:
 27566 strings out of 469006
 508459 string characters out of 5454813
 932976 words of memory out of 5000000
 55041 multiletter control sequences out of 15000+600000
 752348 words of font info for 289 fonts, out of 8000000 for 9000
 319 hyphenation exceptions out of 8191
 84i,13n,94p,1458b,919s stack positions out of 10000i,1000n,20000p,200000b,200000s
</usr/local/texlive/2026basic/texmf-dist/fonts/type1/public/lm/lmbx10.pfb></u
sr/local/texlive/2026basic/texmf-dist/fonts/type1/public/lm/lmbx12.pfb></usr/lo
cal/texlive/2026basic/texmf-dist/fonts/type1/public/lm/lmbx8.pfb></usr/local/te
xlive/2026basic/texmf-dist/fonts/type1/public/lm/lmbx9.pfb></usr/local/texlive/
2026basic/texmf-dist/fonts/type1/public/lm/lmcsc10.pfb></usr/local/texlive/2026
basic/texmf-dist/fonts/type1/public/lm/lmex10.pfb></usr/local/texlive/2026basic
/texmf-dist/fonts/type1/public/lm/lmmi10.pfb></usr/local/texlive/2026basic/texm
f-dist/fonts/type1/public/lm/lmmi8.pfb></usr/local/texlive/2026basic/texmf-dist
/fonts/type1/public/lm/lmmi9.pfb></usr/local/texlive/2026basic/texmf-dist/fonts
/type1/public/lm/lmmib10.pfb></usr/local/texlive/2026basic/texmf-dist/fonts/typ
e1/public/lm/lmr10.pfb></usr/local/texlive/2026basic/texmf-dist/fonts/type1/pub
lic/lm/lmr6.pfb></usr/local/texlive/2026basic/texmf-dist/fonts/type1/public/lm/
lmr8.pfb></usr/local/texlive/2026basic/texmf-dist/fonts/type1/public/lm/lmr9.pf
b></usr/local/texlive/2026basic/texmf-dist/fonts/type1/public/lm/lmri10.pfb></u
sr/local/texlive/2026basic/texmf-dist/fonts/type1/public/lm/lmssbx10.pfb></usr/
local/texlive/2026basic/texmf-dist/fonts/type1/public/lm/lmsy10.pfb></usr/local
/texlive/2026basic/texmf-dist/fonts/type1/public/lm/lmsy8.pfb></usr/local/texli
ve/2026basic/texmf-dist/fonts/type1/public/lm/lmsy9.pfb></usr/local/texlive/202
6basic/texmf-dist/fonts/type1/public/lm/lmtk10.pfb></usr/local/texlive/2026basi
c/texmf-dist/fonts/type1/public/lm/lmtt10.pfb></usr/local/texlive/2026basic/tex
mf-dist/fonts/type1/public/lm/lmtt9.pfb></usr/local/texlive/2026basic/texmf-dis
t/fonts/type1/public/amsfonts/symbols/msbm10.pfb>
Output written on rapport.pdf (90 pages, 1105577 bytes).
PDF statistics:
 2024 PDF objects out of 2073 (max. 8388607)
 1859 compressed objects within 19 object streams
 415 named destinations out of 1000 (max. 500000)
 72551 words of extra memory for PDF output out of 74296 (max. 10000000)

