\BOOKMARK [1][]{section*.2}{\376\377\000A\000b\000s\000t\000r\000a\000c\000t}{}% 1
\BOOKMARK [1][]{section*.4}{\376\377\000R\000\351\000s\000u\000m\000\351\000\040\000\050\000f\000r\000a\000n\000\347\000a\000i\000s\000\051}{}% 2
\BOOKMARK [1][]{section*.6}{\376\377\000L\000i\000s\000t\000\040\000o\000f\000\040\000a\000b\000b\000r\000e\000v\000i\000a\000t\000i\000o\000n\000s}{}% 3
\BOOKMARK [1][]{section.1}{\376\377\000I\000n\000t\000r\000o\000d\000u\000c\000t\000i\000o\000n}{}% 4
\BOOKMARK [2][]{subsection.1.1}{\376\377\000C\000o\000n\000t\000e\000x\000t\000\040\000a\000n\000d\000\040\000O\000b\000j\000e\000c\000t\000i\000v\000e\000s}{section.1}% 5
\BOOKMARK [2][]{subsection.1.2}{\376\377\000S\000c\000o\000p\000e\000\040\000o\000f\000\040\000t\000h\000i\000s\000\040\000d\000o\000c\000u\000m\000e\000n\000t}{section.1}% 6
\BOOKMARK [1][]{section.2}{\376\377\000M\000e\000t\000h\000o\000d\000o\000l\000o\000g\000y\000,\000\040\000t\000r\000a\000c\000e\000a\000b\000i\000l\000i\000t\000y\000,\000\040\000a\000n\000d\000\040\000r\000e\000a\000d\000i\000n\000g\000\040\000g\000u\000i\000d\000e}{}% 7
\BOOKMARK [2][]{subsection.2.1}{\376\377\000T\000r\000a\000c\000e\000a\000b\000i\000l\000i\000t\000y\000\040\000t\000o\000\040\000t\000h\000e\000\040\000i\000n\000i\000t\000i\000a\000l\000\040\000s\000p\000e\000c\000i\000f\000i\000c\000a\000t\000i\000o\000n}{section.2}% 8
\BOOKMARK [2][]{subsection.2.2}{\376\377\000E\000v\000i\000d\000e\000n\000c\000e\000\040\000h\000i\000e\000r\000a\000r\000c\000h\000y}{section.2}% 9
\BOOKMARK [2][]{subsection.2.3}{\376\377\000H\000o\000w\000\040\000v\000a\000l\000i\000d\000a\000t\000i\000o\000n\000\040\000i\000s\000\040\000r\000e\000p\000o\000r\000t\000e\000d}{section.2}% 10
\BOOKMARK [1][]{section.3}{\376\377\000P\000r\000o\000j\000e\000c\000t\000\040\000E\000v\000o\000l\000u\000t\000i\000o\000n}{}% 11
\BOOKMARK [2][]{subsection.3.1}{\376\377\000I\000n\000i\000t\000i\000a\000l\000\040\000s\000p\000e\000c\000i\000f\000i\000c\000a\000t\000i\000o\000n\000s\000\040\000\050\000p\000o\000k\000e\000r\000-\000f\000i\000r\000s\000t\000\051}{section.3}% 12
\BOOKMARK [2][]{subsection.3.2}{\376\377\000S\000c\000o\000p\000e\000\040\000e\000x\000p\000a\000n\000s\000i\000o\000n\000\040\000\050\000c\000a\000s\000i\000n\000o\000,\000\040\000t\000o\000u\000r\000n\000a\000m\000e\000n\000t\000s\000,\000\040\000s\000o\000c\000i\000a\000l\000,\000\040\000p\000r\000o\000g\000r\000e\000s\000s\000i\000o\000n\000\051}{section.3}% 13
\BOOKMARK [2][]{subsection.3.3}{\376\377\000W\000h\000y\000\040\000t\000h\000e\000\040\000n\000a\000r\000r\000a\000t\000i\000v\000e\000\040\000m\000o\000v\000e\000d\000\040\000f\000r\000o\000m\000\040\000`\000`\000c\000a\000t\000a\000l\000o\000g\000'\000'\000\040\000t\000o\000\040\000`\000`\000a\000p\000p\000e\000n\000d\000i\000c\000e\000s\000'\000'}{section.3}% 14
\BOOKMARK [1][]{section.4}{\376\377\000P\000r\000o\000j\000e\000c\000t\000\040\000M\000a\000n\000a\000g\000e\000m\000e\000n\000t}{}% 15
\BOOKMARK [2][]{subsection.4.1}{\376\377\000I\000n\000i\000t\000i\000a\000l\000\040\000V\000-\000m\000o\000d\000e\000l\000\040\000p\000h\000a\000s\000e}{section.4}% 16
\BOOKMARK [2][]{subsection.4.2}{\376\377\000T\000r\000a\000n\000s\000i\000t\000i\000o\000n\000\040\000t\000o\000\040\000a\000n\000\040\000a\000g\000i\000l\000e\000-\000i\000n\000s\000p\000i\000r\000e\000d\000\040\000w\000o\000r\000k\000f\000l\000o\000w\000\040\000\050\000J\000i\000r\000a\000,\000\040\000S\000c\000r\000u\000m\000\040\000p\000r\000a\000c\000t\000i\000c\000e\000s\000\051}{section.4}% 17
\BOOKMARK [2][]{subsection.4.3}{\376\377\000P\000l\000a\000n\000n\000i\000n\000g\000,\000\040\000c\000o\000o\000r\000d\000i\000n\000a\000t\000i\000o\000n\000,\000\040\000a\000n\000d\000\040\000r\000e\000p\000o\000r\000t\000i\000n\000g}{section.4}% 18
\BOOKMARK [2][]{subsection.4.4}{\376\377\000P\000r\000o\000d\000u\000c\000t\000\040\000m\000a\000n\000a\000g\000e\000m\000e\000n\000t\000\040\000m\000e\000c\000h\000a\000n\000i\000c\000s}{section.4}% 19
\BOOKMARK [1][]{section.5}{\376\377\000D\000e\000v\000e\000l\000o\000p\000m\000e\000n\000t\000\040\000T\000o\000o\000l\000s\000\040\000a\000n\000d\000\040\000T\000e\000c\000h\000n\000o\000l\000o\000g\000i\000e\000s}{}% 20
\BOOKMARK [2][]{subsection.5.1}{\376\377\000F\000r\000o\000n\000t\000e\000n\000d\000\040\000a\000n\000d\000\040\000b\000a\000c\000k\000e\000n\000d}{section.5}% 21
\BOOKMARK [2][]{subsection.5.2}{\376\377\000D\000a\000t\000a\000b\000a\000s\000e\000\040\000a\000n\000d\000\040\000i\000n\000f\000r\000a\000s\000t\000r\000u\000c\000t\000u\000r\000e}{section.5}% 22
\BOOKMARK [2][]{subsection.5.3}{\376\377\000V\000e\000r\000s\000i\000o\000n\000\040\000c\000o\000n\000t\000r\000o\000l\000\040\000a\000n\000d\000\040\000c\000o\000l\000l\000a\000b\000o\000r\000a\000t\000i\000o\000n}{section.5}% 23
\BOOKMARK [2][]{subsection.5.4}{\376\377\000T\000e\000s\000t\000i\000n\000g\000\040\000a\000n\000d\000\040\000d\000e\000p\000l\000o\000y\000m\000e\000n\000t}{section.5}% 24
\BOOKMARK [1][]{section.6}{\376\377\000U\000s\000e\000\040\000o\000f\000\040\000A\000r\000t\000i\000f\000i\000c\000i\000a\000l\000\040\000I\000n\000t\000e\000l\000l\000i\000g\000e\000n\000c\000e}{}% 25
\BOOKMARK [2][]{subsection.6.1}{\376\377\000P\000r\000o\000g\000r\000a\000m\000m\000e\000d\000\040\000i\000n\000-\000g\000a\000m\000e\000\040\000p\000o\000k\000e\000r\000\040\000A\000I\000\040\000\050\000b\000o\000t\000s\000\051}{section.6}% 26
\BOOKMARK [2][]{subsection.6.2}{\376\377\000E\000x\000p\000e\000r\000t\000\040\000t\000i\000e\000r\000:\000\040\000P\000y\000t\000h\000o\000n\000\040\000o\000r\000a\000c\000l\000e\000\040\000a\000n\000d\000\040\000l\000o\000c\000a\000l\000\040\000o\000r\000a\000c\000l\000e}{section.6}% 27
\BOOKMARK [2][]{subsection.6.3}{\376\377\000E\000x\000p\000e\000r\000t\000\040\000n\000e\000u\000r\000a\000l\000\040\000p\000o\000l\000i\000c\000y\000\040\000\050\000P\000y\000T\000o\000r\000c\000h\000\040\000M\000L\000P\000,\000\040\000o\000p\000t\000i\000o\000n\000a\000l\000\040\000s\000e\000r\000v\000i\000c\000e\000\051}{section.6}% 28
\BOOKMARK [2][]{subsection.6.4}{\376\377\000A\000I\000-\000a\000s\000s\000i\000s\000t\000e\000d\000\040\000e\000n\000g\000i\000n\000e\000e\000r\000i\000n\000g\000\040\000\050\000t\000o\000o\000l\000i\000n\000g\000\051}{section.6}% 29
\BOOKMARK [2][]{subsection.6.5}{\376\377\000L\000i\000m\000i\000t\000s\000\040\000a\000n\000d\000\040\000v\000e\000r\000i\000f\000i\000c\000a\000t\000i\000o\000n}{section.6}% 30
\BOOKMARK [1][]{section.7}{\376\377\000P\000l\000a\000t\000f\000o\000r\000m\000\040\000F\000u\000n\000c\000t\000i\000o\000n\000a\000l\000i\000t\000i\000e\000s}{}% 31
\BOOKMARK [1][]{section.8}{\376\377\000S\000y\000s\000t\000e\000m\000\040\000A\000r\000c\000h\000i\000t\000e\000c\000t\000u\000r\000e}{}% 32
\BOOKMARK [2][]{subsection.8.1}{\376\377\000M\000o\000n\000o\000r\000e\000p\000o\000\040\000l\000a\000y\000o\000u\000t}{section.8}% 33
\BOOKMARK [2][]{subsection.8.2}{\376\377\000S\000t\000r\000u\000c\000t\000u\000r\000e\000d\000\040\000t\000o\000u\000r\000n\000a\000m\000e\000n\000t\000s\000\040\000\050\000o\000u\000t\000l\000i\000n\000e\000\051}{section.8}% 34
\BOOKMARK [2][]{subsection.8.3}{\376\377\000R\000e\000a\000l\000-\000t\000i\000m\000e\000\040\000c\000o\000m\000m\000u\000n\000i\000c\000a\000t\000i\000o\000n}{section.8}% 35
\BOOKMARK [2][]{subsection.8.4}{\376\377\000P\000e\000r\000s\000i\000s\000t\000e\000n\000c\000e\000\040\000a\000n\000d\000\040\000i\000n\000t\000e\000g\000r\000i\000t\000y}{section.8}% 36
\BOOKMARK [2][]{subsection.8.5}{\376\377\000D\000a\000t\000a\000\040\000m\000o\000d\000e\000l\000\040\000o\000v\000e\000r\000v\000i\000e\000w\000\040\000\050\000P\000r\000i\000s\000m\000a\000\051}{section.8}% 37
\BOOKMARK [2][]{subsection.8.6}{\376\377\000D\000i\000a\000g\000r\000a\000m}{section.8}% 38
\BOOKMARK [1][]{section.9}{\376\377\000D\000e\000p\000l\000o\000y\000m\000e\000n\000t\000\040\000a\000n\000d\000\040\000o\000p\000e\000r\000a\000t\000i\000o\000n\000a\000l\000\040\000r\000u\000n\000b\000o\000o\000k}{}% 39
\BOOKMARK [2][]{subsection.9.1}{\376\377\000L\000o\000c\000a\000l\000\040\000d\000e\000v\000e\000l\000o\000p\000m\000e\000n\000t\000\040\000s\000t\000a\000c\000k}{section.9}% 40
\BOOKMARK [2][]{subsection.9.2}{\376\377\000P\000r\000o\000d\000u\000c\000t\000i\000o\000n\000\040\000a\000n\000d\000\040\000d\000e\000s\000k\000t\000o\000p\000\040\000d\000e\000l\000i\000v\000e\000r\000y}{section.9}% 41
\BOOKMARK [2][]{subsection.9.3}{\376\377\000E\000l\000e\000c\000t\000r\000o\000n\000\040\000a\000n\000d\000\040\000C\000a\000p\000a\000c\000i\000t\000o\000r\000\040\000a\000r\000t\000e\000f\000a\000c\000t\000s}{section.9}% 42
\BOOKMARK [1][]{section.10}{\376\377\000S\000e\000c\000u\000r\000i\000t\000y\000,\000\040\000T\000e\000s\000t\000i\000n\000g\000\040\000a\000n\000d\000\040\000S\000t\000a\000b\000i\000l\000i\000t\000y}{}% 43
\BOOKMARK [2][]{subsection.10.1}{\376\377\000A\000u\000t\000h\000e\000n\000t\000i\000c\000a\000t\000i\000o\000n\000\040\000a\000n\000d\000\040\000a\000b\000u\000s\000e\000\040\000c\000o\000n\000t\000r\000o\000l\000s}{section.10}% 44
\BOOKMARK [2][]{subsection.10.2}{\376\377\000T\000e\000s\000t\000i\000n\000g\000\040\000a\000n\000d\000\040\000d\000e\000b\000u\000g\000g\000i\000n\000g}{section.10}% 45
\BOOKMARK [2][]{subsection.10.3}{\376\377\000A\000u\000t\000o\000m\000a\000t\000e\000d\000\040\000t\000e\000s\000t\000\040\000i\000n\000v\000e\000n\000t\000o\000r\000y\000\040\000a\000n\000d\000\040\000C\000I\000\040\000\050\000r\000e\000f\000e\000r\000e\000n\000c\000e\000\040\000s\000n\000a\000p\000s\000h\000o\000t\000\051}{section.10}% 46
\BOOKMARK [2][]{subsection.10.4}{\376\377\000C\000o\000d\000e\000\040\000c\000o\000v\000e\000r\000a\000g\000e\000\040\000p\000o\000l\000i\000c\000y\000\040\000\050\000s\000e\000r\000v\000e\000r\000\051}{section.10}% 47
\BOOKMARK [2][]{subsection.10.5}{\376\377\000P\000e\000r\000f\000o\000r\000m\000a\000n\000c\000e\000\040\000a\000n\000d\000\040\000s\000t\000a\000b\000i\000l\000i\000t\000y}{section.10}% 48
\BOOKMARK [1][]{section.11}{\376\377\000T\000e\000c\000h\000n\000i\000c\000a\000l\000\040\000C\000h\000a\000l\000l\000e\000n\000g\000e\000s}{}% 49
\BOOKMARK [1][]{section.12}{\376\377\000E\000t\000h\000i\000c\000s\000,\000\040\000p\000r\000i\000v\000a\000c\000y\000,\000\040\000a\000n\000d\000\040\000a\000c\000a\000d\000e\000m\000i\000c\000\040\000i\000n\000t\000e\000g\000r\000i\000t\000y}{}% 50
\BOOKMARK [2][]{subsection.12.1}{\376\377\000V\000i\000r\000t\000u\000a\000l\000\040\000e\000c\000o\000n\000o\000m\000y\000\040\000a\000n\000d\000\040\000r\000e\000g\000u\000l\000a\000t\000o\000r\000y\000\040\000f\000r\000a\000m\000i\000n\000g}{section.12}% 51
\BOOKMARK [2][]{subsection.12.2}{\376\377\000P\000e\000r\000s\000o\000n\000a\000l\000\040\000d\000a\000t\000a}{section.12}% 52
\BOOKMARK [2][]{subsection.12.3}{\376\377\000I\000n\000t\000e\000g\000r\000i\000t\000y\000\040\000o\000f\000\040\000a\000u\000t\000h\000o\000r\000s\000h\000i\000p\000\040\000a\000n\000d\000\040\000A\000I\000\040\000a\000s\000s\000i\000s\000t\000a\000n\000c\000e}{section.12}% 53
\BOOKMARK [1][]{section.13}{\376\377\000I\000n\000d\000i\000v\000i\000d\000u\000a\000l\000\040\000C\000o\000n\000t\000r\000i\000b\000u\000t\000i\000o\000n\000s}{}% 54
\BOOKMARK [2][]{subsection.13.1}{\376\377\000O\000m\000a\000r\000\040\040\023\000\040\000p\000r\000o\000j\000e\000c\000t\000\040\000m\000a\000n\000a\000g\000e\000m\000e\000n\000t\000\040\000a\000n\000d\000\040\000a\000r\000c\000h\000i\000t\000e\000c\000t\000u\000r\000e\000\040\000a\000l\000i\000g\000n\000m\000e\000n\000t}{section.13}% 55
\BOOKMARK [2][]{subsection.13.2}{\376\377\000Y\000i\000g\000i\000t\000\040\040\023\000\040\000D\000e\000b\000u\000g\000g\000i\000n\000g\000\040\000a\000n\000d\000\040\000Q\000u\000a\000l\000i\000t\000y\000\040\000A\000s\000s\000u\000r\000a\000n\000c\000e}{section.13}% 56
\BOOKMARK [2][]{subsection.13.3}{\376\377\000O\000t\000h\000e\000r\000\040\000c\000o\000n\000t\000r\000i\000b\000u\000t\000o\000r\000s}{section.13}% 57
\BOOKMARK [1][]{section.14}{\376\377\000L\000i\000m\000i\000t\000a\000t\000i\000o\000n\000s\000\040\000a\000n\000d\000\040\000F\000u\000t\000u\000r\000e\000\040\000W\000o\000r\000k}{}% 58
\BOOKMARK [2][]{subsection.14.1}{\376\377\000C\000u\000r\000r\000e\000n\000t\000\040\000l\000i\000m\000i\000t\000a\000t\000i\000o\000n\000s}{section.14}% 59
\BOOKMARK [2][]{subsection.14.2}{\376\377\000F\000u\000t\000u\000r\000e\000\040\000i\000m\000p\000r\000o\000v\000e\000m\000e\000n\000t\000s}{section.14}% 60
\BOOKMARK [1][]{section.15}{\376\377\000C\000o\000n\000c\000l\000u\000s\000i\000o\000n}{}% 61
\BOOKMARK [1][]{section*.17}{\376\377\000A\000c\000k\000n\000o\000w\000l\000e\000d\000g\000e\000m\000e\000n\000t\000s}{}% 62
\BOOKMARK [1][]{appendix.A}{\376\377\000R\000e\000p\000o\000s\000i\000t\000o\000r\000y\000\040\000m\000a\000p\000\040\000a\000n\000d\000\040\000r\000o\000u\000t\000i\000n\000g}{}% 63
\BOOKMARK [2][]{subsection.A.1}{\376\377\000P\000r\000o\000g\000r\000a\000m\000m\000e\000d\000\040\000r\000o\000u\000t\000i\000n\000g\000\040\000a\000n\000d\000\040\000s\000h\000e\000l\000l}{appendix.A}% 64
\BOOKMARK [1][]{appendix.B}{\376\377\000P\000o\000k\000e\000r\000\040\000e\000n\000g\000i\000n\000e\000\040\000a\000n\000d\000\040\000c\000a\000s\000h\000\040\000g\000a\000m\000e}{}% 65
\BOOKMARK [2][]{subsection.B.1}{\376\377\000W\000h\000a\000t\000\040\000w\000a\000s\000\040\000p\000r\000o\000g\000r\000a\000m\000m\000e\000d}{appendix.B}% 66
\BOOKMARK [2][]{subsection.B.2}{\376\377\000R\000u\000l\000e\000s\000\040\000e\000n\000f\000o\000r\000c\000e\000d}{appendix.B}% 67
\BOOKMARK [2][]{subsection.B.3}{\376\377\000F\000u\000r\000t\000h\000e\000r\000\040\000r\000e\000a\000d\000i\000n\000g}{appendix.B}% 68
\BOOKMARK [1][]{appendix.C}{\376\377\000B\000o\000t\000\040\000A\000I\000\040\000a\000n\000d\000\040\000p\000r\000a\000c\000t\000i\000c\000e\000\040\000i\000n\000t\000e\000g\000r\000a\000t\000i\000o\000n}{}% 69
\BOOKMARK [2][]{subsection.C.1}{\376\377\000P\000r\000o\000g\000r\000a\000m\000m\000e\000d\000\040\000p\000i\000p\000e\000l\000i\000n\000e}{appendix.C}% 70
\BOOKMARK [2][]{subsection.C.2}{\376\377\000S\000t\000r\000e\000n\000g\000t\000h\000\040\000s\000i\000g\000n\000a\000l\000\040\000a\000n\000d\000\040\000d\000e\000c\000i\000s\000i\000o\000n\000s}{appendix.C}% 71
\BOOKMARK [2][]{subsection.C.3}{\376\377\000D\000i\000s\000p\000a\000t\000c\000h\000\040\000s\000u\000r\000f\000a\000c\000e}{appendix.C}% 72
\BOOKMARK [2][]{subsection.C.4}{\376\377\000E\000x\000p\000e\000r\000t\000\040\000t\000i\000e\000r\000:\000\040\000o\000p\000t\000i\000o\000n\000a\000l\000\040\000P\000y\000t\000h\000o\000n\000\040\000s\000e\000r\000v\000i\000c\000e}{appendix.C}% 73
\BOOKMARK [2][]{subsection.C.5}{\376\377\000E\000x\000p\000e\000r\000t\000\040\000o\000r\000a\000c\000l\000e\000\040\000p\000a\000t\000h\000\040\000\050\000T\000y\000p\000e\000S\000c\000r\000i\000p\000t\000,\000\040\000n\000o\000\040\000n\000e\000t\000w\000o\000r\000k\000\051}{appendix.C}% 74
\BOOKMARK [2][]{subsection.C.6}{\376\377\000F\000u\000r\000t\000h\000e\000r\000\040\000r\000e\000a\000d\000i\000n\000g}{appendix.C}% 75
\BOOKMARK [1][]{appendix.D}{\376\377\000P\000r\000o\000b\000a\000b\000i\000l\000i\000t\000i\000e\000s\000,\000\040\000Q\000u\000a\000n\000t\000u\000m\000\040\000H\000U\000D\000,\000\040\000a\000n\000d\000\040\000M\000o\000n\000t\000e\000\040\000C\000a\000r\000l\000o\000\040\000h\000e\000l\000p\000e\000r}{}% 76
\BOOKMARK [2][]{subsection.D.1}{\376\377\000D\000i\000v\000i\000s\000i\000o\000n\000\040\000o\000f\000\040\000r\000e\000s\000p\000o\000n\000s\000i\000b\000i\000l\000i\000t\000i\000e\000s}{appendix.D}% 77
\BOOKMARK [2][]{subsection.D.2}{\376\377\000M\000o\000n\000t\000e\000\040\000C\000a\000r\000l\000o\000\040\000e\000q\000u\000i\000t\000y\000\040\000e\000s\000t\000i\000m\000a\000t\000o\000r}{appendix.D}% 78
\BOOKMARK [2][]{subsection.D.3}{\376\377\000M\000o\000n\000t\000e\000\040\000C\000a\000r\000l\000o\000\040\000e\000r\000r\000o\000r\000\040\000b\000u\000d\000g\000e\000t\000\040\000\050\000H\000U\000D\000\040\000a\000n\000a\000l\000o\000g\000u\000e\000\040\000t\000o\000\040\000R\000T\000P\000\051}{appendix.D}% 79
\BOOKMARK [2][]{subsection.D.4}{\376\377\000Q\000u\000a\000n\000t\000u\000m\000\040\000C\000o\000m\000b\000i\040\024\000e\000x\000a\000c\000t\000\040\000e\000n\000u\000m\000e\000r\000a\000t\000i\000o\000n\000\040\000f\000o\000r\000m\000u\000l\000a}{appendix.D}% 80
\BOOKMARK [2][]{subsection.D.5}{\376\377\000Q\000u\000a\000n\000t\000u\000m\000\040\000C\000o\000m\000b\000i\000\040\000i\000n\000\040\000t\000h\000e\000\040\000h\000a\000n\000d\000-\000r\000a\000n\000k\000i\000n\000g\000\040\000l\000a\000d\000d\000e\000r\000\040\000\050\000s\000e\000r\000v\000e\000r\000\040\000a\000n\000d\000\040\000H\000U\000D\000\051}{appendix.D}% 81
\BOOKMARK [1][]{appendix.E}{\376\377\000H\000i\000d\000d\000e\000n\000\040\000b\000e\000t\000t\000i\000n\000g\000\040\000s\000y\000s\000t\000e\000m}{}% 82
\BOOKMARK [2][]{subsection.E.1}{\376\377\000P\000r\000o\000g\000r\000a\000m\000m\000e\000d\000\040\000a\000r\000c\000h\000i\000t\000e\000c\000t\000u\000r\000e}{appendix.E}% 83
\BOOKMARK [2][]{subsection.E.2}{\376\377\000O\000d\000d\000s\000\040\000a\000n\000d\000\040\000t\000a\000b\000l\000e\000s\000\040\000\050\000e\000x\000a\000m\000p\000l\000e\000\051}{appendix.E}% 84
\BOOKMARK [2][]{subsection.E.3}{\376\377\000F\000u\000r\000t\000h\000e\000r\000\040\000r\000e\000a\000d\000i\000n\000g}{appendix.E}% 85
\BOOKMARK [1][]{appendix.F}{\376\377\000T\000o\000u\000r\000n\000a\000m\000e\000n\000t\000s\000\040\000a\000n\000d\000\040\000w\000i\000n\000n\000e\000r\000\040\000s\000i\000d\000e\000\040\000b\000e\000t\000s}{}% 86
\BOOKMARK [2][]{subsection.F.1}{\376\377\000R\000u\000n\000t\000i\000m\000e\000\040\000a\000r\000c\000h\000i\000t\000e\000c\000t\000u\000r\000e\000\040\000\050\000l\000a\000y\000e\000r\000s\000\051}{appendix.F}% 87
\BOOKMARK [2][]{subsection.F.2}{\376\377\000B\000r\000a\000c\000k\000e\000t\000\040\000g\000e\000o\000m\000e\000t\000r\000y\000\040\000a\000n\000d\000\040\000t\000a\000b\000l\000e\000\040\000s\000i\000z\000i\000n\000g}{appendix.F}% 88
\BOOKMARK [2][]{subsection.F.3}{\376\377\000S\000e\000e\000d\000e\000d\000\040\000s\000h\000u\000f\000f\000l\000e\000\040\000\050\000d\000e\000t\000e\000r\000m\000i\000n\000i\000s\000t\000i\000c\000\040\000b\000r\000a\000c\000k\000e\000t\000\040\000R\000N\000G\000\051}{appendix.F}% 89
\BOOKMARK [2][]{subsection.F.4}{\376\377\000F\000u\000r\000t\000h\000e\000r\000\040\000r\000e\000a\000d\000i\000n\000g}{appendix.F}% 90
\BOOKMARK [1][]{appendix.G}{\376\377\000B\000l\000a\000c\000k\000j\000a\000c\000k\000\040\000s\000o\000l\000o\000\040\000a\000n\000d\000\040\000m\000u\000l\000t\000i\000p\000l\000a\000y\000e\000r}{}% 91
\BOOKMARK [2][]{subsection.G.1}{\376\377\000S\000o\000l\000o\000\040\000b\000l\000a\000c\000k\000j\000a\000c\000k\000\040\000e\000n\000g\000i\000n\000e}{appendix.G}% 92
\BOOKMARK [2][]{subsection.G.2}{\376\377\000H\000T\000T\000P\000\040\000a\000n\000d\000\040\000m\000u\000l\000t\000i\000-\000t\000a\000b\000l\000e\000\040\000s\000u\000r\000f\000a\000c\000e\000s}{appendix.G}% 93
\BOOKMARK [2][]{subsection.G.3}{\376\377\000F\000u\000r\000t\000h\000e\000r\000\040\000r\000e\000a\000d\000i\000n\000g}{appendix.G}% 94
\BOOKMARK [1][]{appendix.H}{\376\377\000S\000l\000o\000t\000\040\000m\000a\000c\000h\000i\000n\000e\000,\000\040\000r\000o\000u\000l\000e\000t\000t\000e\000,\000\040\000a\000n\000d\000\040\000c\000a\000s\000i\000n\000o\000\040\000w\000a\000l\000l\000e\000t}{}% 95
\BOOKMARK [2][]{subsection.H.1}{\376\377\000T\000h\000r\000e\000e\000-\000r\000e\000e\000l\000\040\000s\000l\000o\000t\000\040\000m\000o\000d\000e\000l}{appendix.H}% 96
\BOOKMARK [2][]{subsection.H.2}{\376\377\000C\000o\000m\000p\000l\000e\000t\000e\000\040\000s\000l\000o\000t\000\040\000R\000T\000P\000\040\000\050\000c\000l\000o\000s\000e\000d\000\040\000f\000o\000r\000m\000,\000\040\000c\000u\000r\000r\000e\000n\000t\000\040\000c\000o\000n\000s\000t\000a\000n\000t\000s\000\051}{appendix.H}% 97
\BOOKMARK [2][]{subsection.H.3}{\376\377\000E\000u\000r\000o\000p\000e\000a\000n\000\040\000r\000o\000u\000l\000e\000t\000t\000e\000\040\000m\000o\000d\000e\000l}{appendix.H}% 98
\BOOKMARK [2][]{subsection.H.4}{\376\377\000C\000o\000m\000p\000l\000e\000t\000e\000\040\000r\000o\000u\000l\000e\000t\000t\000e\000\040\000R\000T\000P\000\040\000\050\000a\000l\000l\000\040\000p\000r\000o\000p\000o\000r\000t\000i\000o\000n\000a\000l\000\040\000i\000n\000s\000i\000d\000e\000\040\000b\000e\000t\000s\000\051}{appendix.H}% 99
\BOOKMARK [2][]{subsection.H.5}{\376\377\000W\000a\000l\000l\000e\000t\000\040\000a\000n\000d\000\040\000l\000e\000d\000g\000e\000r}{appendix.H}% 100
\BOOKMARK [1][]{appendix.I}{\376\377\000S\000o\000c\000i\000a\000l\000\040\000g\000r\000a\000p\000h\000,\000\040\000i\000n\000v\000i\000t\000a\000t\000i\000o\000n\000s\000,\000\040\000a\000n\000d\000\040\000p\000e\000e\000r\000\040\000l\000o\000a\000n\000s}{}% 101
\BOOKMARK [2][]{subsection.I.1}{\376\377\000P\000r\000o\000g\000r\000a\000m\000m\000e\000d\000\040\000s\000u\000r\000f\000a\000c\000e\000s}{appendix.I}% 102
\BOOKMARK [2][]{subsection.I.2}{\376\377\000F\000u\000r\000t\000h\000e\000r\000\040\000r\000e\000a\000d\000i\000n\000g}{appendix.I}% 103
\BOOKMARK [1][]{appendix.J}{\376\377\000P\000r\000o\000g\000r\000e\000s\000s\000i\000o\000n\000,\000\040\000c\000h\000a\000l\000l\000e\000n\000g\000e\000s\000,\000\040\000a\000n\000d\000\040\000l\000e\000a\000d\000e\000r\000b\000o\000a\000r\000d\000s}{}% 104
\BOOKMARK [2][]{subsection.J.1}{\376\377\000P\000r\000o\000g\000r\000a\000m\000m\000e\000d\000\040\000l\000o\000g\000i\000c}{appendix.J}% 105
\BOOKMARK [2][]{subsection.J.2}{\376\377\000F\000u\000r\000t\000h\000e\000r\000\040\000r\000e\000a\000d\000i\000n\000g}{appendix.J}% 106
\BOOKMARK [1][]{appendix.K}{\376\377\000A\000u\000t\000h\000e\000n\000t\000i\000c\000a\000t\000i\000o\000n\000,\000\040\000p\000r\000o\000f\000i\000l\000e\000s\000,\000\040\000a\000n\000d\000\040\000i\0001\0008\000n}{}% 107
\BOOKMARK [2][]{subsection.K.1}{\376\377\000P\000r\000o\000g\000r\000a\000m\000m\000e\000d\000\040\000s\000e\000c\000u\000r\000i\000t\000y\000\040\000a\000n\000d\000\040\000p\000r\000o\000f\000i\000l\000e\000s}{appendix.K}% 108
\BOOKMARK [1][]{appendix.L}{\376\377\000O\000p\000e\000r\000a\000t\000i\000o\000n\000s\000,\000\040\000R\000e\000d\000i\000s\000,\000\040\000C\000I\000,\000\040\000a\000n\000d\000\040\000p\000a\000c\000k\000a\000g\000i\000n\000g}{}% 109
\BOOKMARK [2][]{subsection.L.1}{\376\377\000P\000r\000o\000g\000r\000a\000m\000m\000e\000d\000\040\000o\000p\000e\000r\000a\000t\000i\000o\000n\000s}{appendix.L}% 110
\BOOKMARK [2][]{subsection.L.2}{\376\377\000K\000a\000n\000i\000k\000o\000\040\000c\000o\000n\000t\000a\000i\000n\000e\000r\000\040\000b\000u\000i\000l\000d\000s\000\040\000\050\000G\000i\000t\000L\000a\000b\000\040\000C\000I\000\051}{appendix.L}% 111
\BOOKMARK [2][]{subsection.L.3}{\376\377\000E\000l\000e\000c\000t\000r\000o\000n\000\040\000a\000n\000d\000\040\000C\000a\000p\000a\000c\000i\000t\000o\000r\000\040\000b\000u\000i\000l\000d\000\040\000m\000a\000t\000r\000i\000x}{appendix.L}% 112
\BOOKMARK [1][]{appendix.M}{\376\377\000T\000e\000s\000t\000\040\000c\000o\000v\000e\000r\000a\000g\000e\000\040\000m\000e\000t\000r\000i\000c\000s\000\040\000a\000n\000d\000\040\000d\000e\000f\000i\000n\000i\000t\000i\000o\000n\000s}{}% 113
\BOOKMARK [2][]{subsection.M.1}{\376\377\000J\000e\000s\000t\000\040\000r\000a\000t\000i\000o\000s}{appendix.M}% 114
\BOOKMARK [2][]{subsection.M.2}{\376\377\000V\000i\000t\000e\000s\000t\000\040\000r\000a\000t\000i\000o\000s\000\040\000\050\000c\000l\000i\000e\000n\000t\000\051}{appendix.M}% 115
\BOOKMARK [2][]{subsection.M.3}{\376\377\000R\000e\000l\000a\000t\000i\000o\000n\000\040\000t\000o\000\040\000t\000o\000u\000r\000n\000a\000m\000e\000n\000t\000s}{appendix.M}% 116
\BOOKMARK [2][]{subsection.M.4}{\376\377\000F\000u\000r\000t\000h\000e\000r\000\040\000r\000e\000a\000d\000i\000n\000g}{appendix.M}% 117
\BOOKMARK [1][]{appendix.N}{\376\377\000E\000x\000t\000e\000r\000n\000a\000l\000\040\000r\000e\000f\000e\000r\000e\000n\000c\000e\000s\000\040\000a\000n\000d\000\040\000c\000o\000m\000p\000e\000n\000d\000i\000u\000m}{}% 118
